[1mInstalling core Python deps…[0m
Collecting kokoro-onnx>=0.4 (from -r requirements.txt (line 8))
  Downloading kokoro_onnx-0.6.1-py3-none-any.whl.metadata (3.5 kB)
Collecting mutagen<1.48,>=1.47 (from -r requirements.txt (line 9))
  Downloading mutagen-1.47.0-py3-none-any.whl.metadata (1.7 kB)
Collecting Pillow<11,>=10.2 (from -r requirements.txt (line 10))
  Downloading pillow-10.4.0-cp311-cp311-win_amd64.whl.metadata (9.3 kB)
Collecting numpy>=2.0.2 (from -r requirements.txt (line 11))
  Downloading numpy-2.4.6-cp311-cp311-win_amd64.whl.metadata (6.6 kB)
Collecting manim<0.19,>=0.18 (from -r requirements.txt (line 14))
  Downloading manim-0.18.1-py3-none-any.whl.metadata (10 kB)
Collecting manimpango<0.6,>=0.5 (from -r requirements.txt (line 15))
  Downloading ManimPango-0.5.0-cp311-cp311-win_amd64.whl.metadata (8.7 kB)
Collecting faster-whisper<2,>=1.0 (from -r requirements.txt (line 18))
  Downloading faster_whisper-1.2.1-py3-none-any.whl.metadata (16 kB)
Collecting espeakng-loader>=0.2.4 (from kokoro-onnx>=0.4->-r requirements.txt (line 8))
  Downloading espeakng_loader-0.2.4-py3-none-win_amd64.whl.metadata (1.3 kB)
Collecting onnxruntime>=1.20.1 (from kokoro-onnx>=0.4->-r requirements.txt (line 8))
  Downloading onnxruntime-1.30.0-cp311-cp311-win_amd64.whl.metadata (5.9 kB)
Collecting phonemizer>=3.4.0 (from kokoro-onnx>=0.4->-r requirements.txt (line 8))
  Downloading phonemizer-3.4.0-py3-none-any.whl.metadata (48 kB)
     ---------------------------------------- 48.4/48.4 kB 1.2 MB/s eta 0:00:00
Collecting Pygments>=2.0.0 (from manim<0.19,>=0.18->-r requirements.txt (line 14))
  Downloading pygments-2.21.0-py3-none-any.whl.metadata (2.5 kB)
Collecting click>=8.0 (from manim<0.19,>=0.18->-r requirements.txt (line 14))
  Downloading click-8.5.0-py3-none-any.whl.metadata (2.6 kB)
Collecting cloup>=2.0.0 (from manim<0.19,>=0.18->-r requirements.txt (line 14))
  Downloading cloup-4.0.0-py3-none-any.whl.metadata (6.3 kB)
Collecting decorator>=4.3.2 (from manim<0.19,>=0.18->-r requirements.txt (line 14))
  Downloading decorator-5.3.1-py3-none-any.whl.metadata (3.9 kB)
Collecting isosurfaces>=0.1.0 (from manim<0.19,>=0.18->-r requirements.txt (line 14))
  Downloading isosurfaces-0.1.2-py3-none-any.whl.metadata (3.3 kB)
Collecting mapbox-earcut>=1.0.0 (from manim<0.19,>=0.18->-r requirements.txt (line 14))
  Downloading mapbox_earcut-2.1.0-cp311-cp311-win_amd64.whl.metadata (2.5 kB)
Collecting moderngl<6.0.0,>=5.0.0 (from manim<0.19,>=0.18->-r requirements.txt (line 14))
  Downloading moderngl-5.12.0-cp311-cp311-win_amd64.whl.metadata (8.0 kB)
Collecting moderngl-window>=2.0.0 (from manim<0.19,>=0.18->-r requirements.txt (line 14))
  Downloading moderngl_window-3.1.1-py3-none-any.whl.metadata (9.0 kB)
Collecting networkx>=2.6 (from manim<0.19,>=0.18->-r requirements.txt (line 14))
  Downloading networkx-3.6.1-py3-none-any.whl.metadata (6.8 kB)
Collecting pycairo<2.0.0,>=1.13 (from manim<0.19,>=0.18->-r requirements.txt (line 14))
  Downloading pycairo-1.29.1-cp311-cp311-win_amd64.whl.metadata (2.3 kB)
Collecting pydub>=0.20.0 (from manim<0.19,>=0.18->-r requirements.txt (line 14))
  Downloading pydub-0.25.1-py2.py3-none-any.whl.metadata (1.4 kB)
Collecting rich>=12.0.0 (from manim<0.19,>=0.18->-r requirements.txt (line 14))
  Downloading rich-15.0.0-py3-none-any.whl.metadata (18 kB)
Collecting scipy>=1.6.0 (from manim<0.19,>=0.18->-r requirements.txt (line 14))
  Downloading scipy-1.17.1-cp311-cp311-win_amd64.whl.metadata (60 kB)
     ---------------------------------------- 61.0/61.0 kB 3.4 MB/s eta 0:00:00
Collecting screeninfo>=0.7 (from manim<0.19,>=0.18->-r requirements.txt (line 14))
  Downloading screeninfo-0.8.1-py3-none-any.whl.metadata (2.9 kB)
Collecting skia-pathops>=0.7.0 (from manim<0.19,>=0.18->-r requirements.txt (line 14))
  Downloading skia_pathops-0.9.2-cp310-abi3-win_amd64.whl.metadata (2.6 kB)
Collecting srt>=3.0.0 (from manim<0.19,>=0.18->-r requirements.txt (line 14))
  Downloading srt-3.5.3.tar.gz (28 kB)
  Installing build dependencies: started
  Installing build dependencies: finished with status 'done'
  Getting requirements to build wheel: started
  Getting requirements to build wheel: finished with status 'done'
  Preparing metadata (pyproject.toml): started
  Preparing metadata (pyproject.toml): finished with status 'done'
Collecting svgelements>=1.8.0 (from manim<0.19,>=0.18->-r requirements.txt (line 14))
  Downloading svgelements-1.9.6-py2.py3-none-any.whl.metadata (44 kB)
     ---------------------------------------- 44.9/44.9 kB 1.1 MB/s eta 0:00:00
Collecting tqdm>=4.0.0 (from manim<0.19,>=0.18->-r requirements.txt (line 14))
  Downloading tqdm-4.70.1-py3-none-any.whl.metadata (57 kB)
     ---------------------------------------- 57.4/57.4 kB 2.9 MB/s eta 0:00:00
Collecting typing-extensions>=4.0.0 (from manim<0.19,>=0.18->-r requirements.txt (line 14))
  Downloading typing_extensions-4.16.0-py3-none-any.whl.metadata (3.3 kB)
Collecting watchdog>=2.0.0 (from manim<0.19,>=0.18->-r requirements.txt (line 14))
  Downloading watchdog-6.0.0-py3-none-win_amd64.whl.metadata (44 kB)
     ---------------------------------------- 44.3/44.3 kB 2.1 MB/s eta 0:00:00
Collecting ctranslate2<5,>=4.0 (from faster-whisper<2,>=1.0->-r requirements.txt (line 18))
  Downloading ctranslate2-4.8.2-cp311-cp311-win_amd64.whl.metadata (11 kB)
Collecting huggingface-hub>=0.21 (from faster-whisper<2,>=1.0->-r requirements.txt (line 18))
  Downloading huggingface_hub-2.0.0-py3-none-any.whl.metadata (16 kB)
Collecting tokenizers<1,>=0.13 (from faster-whisper<2,>=1.0->-r requirements.txt (line 18))
  Downloading tokenizers-0.23.2-cp310-abi3-win_amd64.whl.metadata (10 kB)
Collecting av>=11 (from faster-whisper<2,>=1.0->-r requirements.txt (line 18))
  Downloading av-18.1.0-cp311-abi3-win_amd64.whl.metadata (5.1 kB)
Collecting pyyaml<7,>=5.3 (from ctranslate2<5,>=4.0->faster-whisper<2,>=1.0->-r requirements.txt (line 18))
  Downloading pyyaml-6.0.3-cp311-cp311-win_amd64.whl.metadata (2.4 kB)
Collecting filelock>=3.10.0 (from huggingface-hub>=0.21->faster-whisper<2,>=1.0->-r requirements.txt (line 18))
  Downloading filelock-4.0.4-py3-none-any.whl.metadata (2.0 kB)
Collecting fsspec>=2023.5.0 (from huggingface-hub>=0.21->faster-whisper<2,>=1.0->-r requirements.txt (line 18))
  Downloading fsspec-2026.9.0-py3-none-any.whl.metadata (10 kB)
Collecting hf-xet<2.0.0,>=1.6.0 (from huggingface-hub>=0.21->faster-whisper<2,>=1.0->-r requirements.txt (line 18))
  Downloading hf_xet-1.6.0-cp38-abi3-win_amd64.whl.metadata (4.9 kB)
Collecting httpx2<3,>=2.0.0 (from huggingface-hub>=0.21->faster-whisper<2,>=1.0->-r requirements.txt (line 18))
  Downloading httpx2-2.13.1-py3-none-any.whl.metadata (9.8 kB)
Collecting packaging>=20.9 (from huggingface-hub>=0.21->faster-whisper<2,>=1.0->-r requirements.txt (line 18))
  Downloading packaging-26.3-py3-none-any.whl.metadata (3.5 kB)
Collecting glcontext>=3.0.0 (from moderngl<6.0.0,>=5.0.0->manim<0.19,>=0.18->-r requirements.txt (line 14))
  Downloading glcontext-3.0.0-cp311-cp311-win_amd64.whl.metadata (6.2 kB)
Collecting pyglet>=2.0.0 (from moderngl-window>=2.0.0->manim<0.19,>=0.18->-r requirements.txt (line 14))
  Downloading pyglet-2.1.16-py3-none-any.whl.metadata (8.0 kB)
Collecting pyglm<3,>=2.7.0 (from moderngl-window>=2.0.0->manim<0.19,>=0.18->-r requirements.txt (line 14))
  Downloading pyglm-2.8.3-cp311-cp311-win_amd64.whl.metadata (14 kB)
Collecting flatbuffers (from onnxruntime>=1.20.1->kokoro-onnx>=0.4->-r requirements.txt (line 8))
  Downloading flatbuffers-25.12.19-py2.py3-none-any.whl.metadata (1.0 kB)
Collecting protobuf>=4.25.8 (from onnxruntime>=1.20.1->kokoro-onnx>=0.4->-r requirements.txt (line 8))
  Downloading protobuf-7.36.2-cp310-abi3-win_amd64.whl.metadata (595 bytes)
Collecting joblib (from phonemizer>=3.4.0->kokoro-onnx>=0.4->-r requirements.txt (line 8))
  Downloading joblib-1.6.0-py3-none-any.whl.metadata (6.5 kB)
Collecting attrs>=18.1 (from phonemizer>=3.4.0->kokoro-onnx>=0.4->-r requirements.txt (line 8))
  Downloading attrs-26.1.0-py3-none-any.whl.metadata (8.8 kB)
Collecting dlinfo (from phonemizer>=3.4.0->kokoro-onnx>=0.4->-r requirements.txt (line 8))
  Downloading dlinfo-2.0.0-py3-none-any.whl.metadata (1.1 kB)
Collecting markdown-it-py>=2.2.0 (from rich>=12.0.0->manim<0.19,>=0.18->-r requirements.txt (line 14))
  Downloading markdown_it_py-4.2.0-py3-none-any.whl.metadata (7.4 kB)
Collecting huggingface-hub>=0.21 (from faster-whisper<2,>=1.0->-r requirements.txt (line 18))
  Downloading huggingface_hub-1.33.0-py3-none-any.whl.metadata (16 kB)
Collecting httpx<1,>=0.23.0 (from huggingface-hub>=0.21->faster-whisper<2,>=1.0->-r requirements.txt (line 18))
  Downloading httpx-0.28.1-py3-none-any.whl.metadata (7.1 kB)
Collecting colorama (from tqdm>=4.0.0->manim<0.19,>=0.18->-r requirements.txt (line 14))
  Using cached colorama-0.4.6-py2.py3-none-any.whl.metadata (17 kB)
Collecting anyio (from httpx<1,>=0.23.0->huggingface-hub>=0.21->faster-whisper<2,>=1.0->-r requirements.txt (line 18))
  Downloading anyio-4.15.1-py3-none-any.whl.metadata (4.7 kB)
Collecting certifi (from httpx<1,>=0.23.0->huggingface-hub>=0.21->faster-whisper<2,>=1.0->-r requirements.txt (line 18))
  Downloading certifi-2026.7.22-py3-none-any.whl.metadata (2.5 kB)
Collecting httpcore==1.* (from httpx<1,>=0.23.0->huggingface-hub>=0.21->faster-whisper<2,>=1.0->-r requirements.txt (line 18))
  Downloading httpcore-1.0.9-py3-none-any.whl.metadata (21 kB)
Collecting idna (from httpx<1,>=0.23.0->huggingface-hub>=0.21->faster-whisper<2,>=1.0->-r requirements.txt (line 18))
  Downloading idna-3.20-py3-none-any.whl.metadata (7.2 kB)
Collecting h11>=0.16 (from httpcore==1.*->httpx<1,>=0.23.0->huggingface-hub>=0.21->faster-whisper<2,>=1.0->-r requirements.txt (line 18))
  Downloading h11-0.16.0-py3-none-any.whl.metadata (8.3 kB)
Collecting mdurl~=0.1 (from markdown-it-py>=2.2.0->rich>=12.0.0->manim<0.19,>=0.18->-r requirements.txt (line 14))
  Using cached mdurl-0.1.2-py3-none-any.whl.metadata (1.6 kB)
Collecting cloudpickle>=3.0 (from joblib->phonemizer>=3.4.0->kokoro-onnx>=0.4->-r requirements.txt (line 8))
  Downloading cloudpickle-3.1.2-py3-none-any.whl.metadata (7.1 kB)
Collecting httpcore2==2.13.1 (from httpx2<3,>=2.0.0->huggingface-hub>=0.21->faster-whisper<2,>=1.0->-r requirements.txt (line 18))
  Downloading httpcore2-2.13.1-py3-none-any.whl.metadata (26 kB)
Collecting truststore>=0.10 (from httpx2<3,>=2.0.0->huggingface-hub>=0.21->faster-whisper<2,>=1.0->-r requirements.txt (line 18))
  Downloading truststore-0.10.4-py3-none-any.whl.metadata (4.4 kB)
Downloading kokoro_onnx-0.6.1-py3-none-any.whl (26 kB)
Downloading mutagen-1.47.0-py3-none-any.whl (194 kB)
   ---------------------------------------- 194.4/194.4 kB 2.9 MB/s eta 0:00:00
Downloading pillow-10.4.0-cp311-cp311-win_amd64.whl (2.6 MB)
   ---------------------------------------- 2.6/2.6 MB 18.0 MB/s eta 0:00:00
Downloading numpy-2.4.6-cp311-cp311-win_amd64.whl (12.6 MB)
   ---------------------------------------- 12.6/12.6 MB 11.9 MB/s eta 0:00:00
Downloading manim-0.18.1-py3-none-any.whl (585 kB)
   --------------------------------------- 585.2/585.2 kB 38.3 MB/s eta 0:00:00
Downloading ManimPango-0.5.0-cp311-cp311-win_amd64.whl (4.1 MB)
   ---------------------------------------- 4.1/4.1 MB 23.6 MB/s eta 0:00:00
Downloading faster_whisper-1.2.1-py3-none-any.whl (1.1 MB)
   ---------------------------------------- 1.1/1.1 MB 35.8 MB/s eta 0:00:00
Downloading av-18.1.0-cp311-abi3-win_amd64.whl (27.6 MB)
   ---------------------------------------- 27.6/27.6 MB 23.4 MB/s eta 0:00:00
Downloading click-8.5.0-py3-none-any.whl (125 kB)
   ---------------------------------------- 125.3/125.3 kB ? eta 0:00:00
Downloading cloup-4.0.0-py3-none-any.whl (55 kB)
   ---------------------------------------- 55.8/55.8 kB 3.0 MB/s eta 0:00:00
Downloading ctranslate2-4.8.2-cp311-cp311-win_amd64.whl (19.2 MB)
   ---------------------------------------- 19.2/19.2 MB 46.7 MB/s eta 0:00:00
Downloading decorator-5.3.1-py3-none-any.whl (10 kB)
Downloading espeakng_loader-0.2.4-py3-none-win_amd64.whl (9.4 MB)
   ---------------------------------------- 9.4/9.4 MB 54.8 MB/s eta 0:00:00
Downloading isosurfaces-0.1.2-py3-none-any.whl (11 kB)
Downloading mapbox_earcut-2.1.0-cp311-cp311-win_amd64.whl (279 kB)
   ---------------------------------------- 279.5/279.5 kB ? eta 0:00:00
Downloading moderngl-5.12.0-cp311-cp311-win_amd64.whl (108 kB)
   ---------------------------------------- 108.3/108.3 kB 3.2 MB/s eta 0:00:00
Downloading moderngl_window-3.1.1-py3-none-any.whl (382 kB)
   --------------------------------------- 382.4/382.4 kB 11.6 MB/s eta 0:00:00
Downloading networkx-3.6.1-py3-none-any.whl (2.1 MB)
   ---------------------------------------- 2.1/2.1 MB 43.8 MB/s eta 0:00:00
Downloading onnxruntime-1.30.0-cp311-cp311-win_amd64.whl (14.3 MB)
   ---------------------------------------- 14.3/14.3 MB 43.5 MB/s eta 0:00:00
Downloading phonemizer-3.4.0-py3-none-any.whl (108 kB)
   ---------------------------------------- 108.5/108.5 kB 6.1 MB/s eta 0:00:00
Downloading pycairo-1.29.1-cp311-cp311-win_amd64.whl (845 kB)
   --------------------------------------- 845.5/845.5 kB 26.1 MB/s eta 0:00:00
Downloading pydub-0.25.1-py2.py3-none-any.whl (32 kB)
Downloading pygments-2.21.0-py3-none-any.whl (1.3 MB)
   ---------------------------------------- 1.3/1.3 MB 15.9 MB/s eta 0:00:00
Downloading rich-15.0.0-py3-none-any.whl (310 kB)
   ---------------------------------------- 310.7/310.7 kB 9.7 MB/s eta 0:00:00
Downloading scipy-1.17.1-cp311-cp311-win_amd64.whl (36.6 MB)
   ---------------------------------------- 36.6/36.6 MB 40.9 MB/s eta 0:00:00
Downloading screeninfo-0.8.1-py3-none-any.whl (12 kB)
Downloading skia_pathops-0.9.2-cp310-abi3-win_amd64.whl (1.8 MB)
   ---------------------------------------- 1.8/1.8 MB 57.2 MB/s eta 0:00:00
Downloading svgelements-1.9.6-py2.py3-none-any.whl (137 kB)
   ---------------------------------------- 137.9/137.9 kB ? eta 0:00:00
Downloading tokenizers-0.23.2-cp310-abi3-win_amd64.whl (2.9 MB)
   ---------------------------------------- 2.9/2.9 MB 45.3 MB/s eta 0:00:00
Downloading huggingface_hub-1.33.0-py3-none-any.whl (846 kB)
   --------------------------------------- 846.4/846.4 kB 27.0 MB/s eta 0:00:00
Downloading tqdm-4.70.1-py3-none-any.whl (80 kB)
   ---------------------------------------- 80.2/80.2 kB 4.7 MB/s eta 0:00:00
Downloading typing_extensions-4.16.0-py3-none-any.whl (45 kB)
   ---------------------------------------- 45.6/45.6 kB 1.1 MB/s eta 0:00:00
Downloading watchdog-6.0.0-py3-none-win_amd64.whl (79 kB)
   ---------------------------------------- 79.1/79.1 kB 2.2 MB/s eta 0:00:00
Downloading attrs-26.1.0-py3-none-any.whl (67 kB)
   ---------------------------------------- 67.5/67.5 kB 1.8 MB/s eta 0:00:00
Downloading filelock-4.0.4-py3-none-any.whl (108 kB)
   ---------------------------------------- 108.6/108.6 kB 6.1 MB/s eta 0:00:00
Downloading fsspec-2026.9.0-py3-none-any.whl (221 kB)
   ---------------------------------------- 221.7/221.7 kB 6.8 MB/s eta 0:00:00
Downloading glcontext-3.0.0-cp311-cp311-win_amd64.whl (12 kB)
Downloading hf_xet-1.6.0-cp38-abi3-win_amd64.whl (4.0 MB)
   ---------------------------------------- 4.0/4.0 MB 23.4 MB/s eta 0:00:00
Downloading httpx-0.28.1-py3-none-any.whl (73 kB)
   ---------------------------------------- 73.5/73.5 kB 4.2 MB/s eta 0:00:00
Downloading httpcore-1.0.9-py3-none-any.whl (78 kB)
   ---------------------------------------- 78.8/78.8 kB 2.2 MB/s eta 0:00:00
Downloading markdown_it_py-4.2.0-py3-none-any.whl (91 kB)
   ---------------------------------------- 91.7/91.7 kB ? eta 0:00:00
Downloading packaging-26.3-py3-none-any.whl (129 kB)
   ---------------------------------------- 130.0/130.0 kB ? eta 0:00:00
Downloading protobuf-7.36.2-cp310-abi3-win_amd64.whl (456 kB)
   --------------------------------------- 456.5/456.5 kB 27.9 MB/s eta 0:00:00
Downloading pyglet-2.1.16-py3-none-any.whl (1.0 MB)
   ---------------------------------------- 1.0/1.0 MB 68.5 MB/s eta 0:00:00
Downloading pyglm-2.8.3-cp311-cp311-win_amd64.whl (1.7 MB)
   ---------------------------------------- 1.7/1.7 MB 53.2 MB/s eta 0:00:00
Downloading pyyaml-6.0.3-cp311-cp311-win_amd64.whl (158 kB)
   ---------------------------------------- 158.8/158.8 kB 9.3 MB/s eta 0:00:00
Using cached colorama-0.4.6-py2.py3-none-any.whl (25 kB)
Downloading dlinfo-2.0.0-py3-none-any.whl (3.7 kB)
Downloading flatbuffers-25.12.19-py2.py3-none-any.whl (26 kB)
Downloading joblib-1.6.0-py3-none-any.whl (306 kB)
   --------------------------------------- 306.1/306.1 kB 19.7 MB/s eta 0:00:00
Downloading cloudpickle-3.1.2-py3-none-any.whl (22 kB)
Using cached mdurl-0.1.2-py3-none-any.whl (10.0 kB)
Downloading anyio-4.15.1-py3-none-any.whl (132 kB)
   ---------------------------------------- 132.1/132.1 kB 7.6 MB/s eta 0:00:00
Downloading idna-3.20-py3-none-any.whl (69 kB)
   ---------------------------------------- 69.6/69.6 kB ? eta 0:00:00
Downloading certifi-2026.7.22-py3-none-any.whl (136 kB)
   ---------------------------------------- 137.0/137.0 kB ? eta 0:00:00
Downloading h11-0.16.0-py3-none-any.whl (37 kB)
Building wheels for collected packages: srt
  Building wheel for srt (pyproject.toml): started
  Building wheel for srt (pyproject.toml): finished with status 'done'
  Created wheel for srt: filename=srt-3.5.3-py3-none-any.whl size=22639 sha256=56ac93f40c1d590d88e98bb1798edaa27d8d965b2204dd8d1c470852dff5ccf7
  Stored in directory: c:\users\prathamesh p\appdata\local\pip\cache\wheels\1f\43\f1\23ee9119497fcb57d9f7046fbf34c6d9027c46a1fa7824cf08
Successfully built srt
Installing collected packages: svgelements, pyglm, pydub, glcontext, flatbuffers, watchdog, typing-extensions, srt, skia-pathops, screeninfo, pyyaml, Pygments, pyglet, pycairo, protobuf, Pillow, packaging, numpy, networkx, mutagen, moderngl, mdurl, manimpango, idna, hf-xet, h11, fsspec, filelock, espeakng-loader, dlinfo, decorator, colorama, cloudpickle, click, certifi, av, attrs, tqdm, scipy, onnxruntime, moderngl-window, markdown-it-py, mapbox-earcut, joblib, isosurfaces, httpcore, ctranslate2, cloup, anyio, rich, phonemizer, httpx, manim, kokoro-onnx, huggingface-hub, tokenizers, faster-whisper
Successfully installed Pillow-10.4.0 Pygments-2.21.0 anyio-4.15.1 attrs-26.1.0 av-18.1.0 certifi-2026.7.22 click-8.5.0 cloudpickle-3.1.2 cloup-4.0.0 colorama-0.4.6 ctranslate2-4.8.2 decorator-5.3.1 dlinfo-2.0.0 espeakng-loader-0.2.4 faster-whisper-1.2.1 filelock-4.0.4 flatbuffers-25.12.19 fsspec-2026.9.0 glcontext-3.0.0 h11-0.16.0 hf-xet-1.6.0 httpcore-1.0.9 httpx-0.28.1 huggingface-hub-1.33.0 idna-3.20 isosurfaces-0.1.2 joblib-1.6.0 kokoro-onnx-0.6.1 manim-0.18.1 manimpango-0.5.0 mapbox-earcut-2.1.0 markdown-it-py-4.2.0 mdurl-0.1.2 moderngl-5.12.0 moderngl-window-3.1.1 mutagen-1.47.0 networkx-3.6.1 numpy-2.4.6 onnxruntime-1.30.0 packaging-26.3 phonemizer-3.4.0 protobuf-7.36.2 pycairo-1.29.1 pydub-0.25.1 pyglet-2.1.16 pyglm-2.8.3 pyyaml-6.0.3 rich-15.0.0 scipy-1.17.1 screeninfo-0.8.1 skia-pathops-0.9.2 srt-3.5.3 svgelements-1.9.6 tokenizers-0.23.2 tqdm-4.70.1 typing-extensions-4.16.0 watchdog-6.0.0

[notice] A new release of pip is available: 24.0 -> 26.2.1
[notice] To update, run: python3.exe -m pip install --upgrade pip

[1mInstalling Remotion node deps…[0m

up to date, audited 190 packages in 2s

29 packages are looking for funding
  run `npm fund` for details

5 vulnerabilities (1 moderate, 4 high)

To address all issues, run:
  npm audit fix

Run `npm audit` for details.

[1mInstalling fonts (bundled families + Oswald) into /c/Users/Prathamesh P/.local/share/fonts…[0m



[1mbrutalist — readiness (free-only toolkit: no keys, ever)[0m

  FEATURE                      STATUS
  -------                      ------
  audio (Kokoro Bella/Onyx)    [32m✅ ready[0m
  captions + word clock        [32m✅ ready[0m
  Manim beats                  [32m✅ ready[0m
  Manim equation beats         [32m✅ ready[0m
  Remotion beats + bookends    [32m✅ ready[0m
  slates / previz / compile    [32m✅ ready[0m
  fonts (EB Garamond + Oswald) [32m✅ ready[0m

[32mAll core features ready. Voices: Bella (af_bella) and Onyx (am_onyx). Cost: $0.00.[0m
Run `./art keys` to check optional Higgsfield login.
A green table above means every dependency checks out live — it does NOT
mean a video actually renders. Run `./art smoke` for that proof: it builds
the tiny examples/_smoke/ fixture end to end and verifies the DECODED
mp4 (audio volume, real video/audio streams, non-zero file).
exit=0
