Input #0, mov,mp4,m4a,3gp,3g2,mj2, from '$WORKSPACE\submission\Week01_Tokens_Not_Words.mp4':
  Metadata:
    major_brand     : isom
    minor_version   : 512
    compatible_brands: isomiso2avc1mp41
    encoder         : Lavf61.7.100
  Duration: 00:02:50.00, start: 0.000000, bitrate: 304 kb/s
  Stream #0:0[0x1](und): Video: h264 (High) (avc1 / 0x31637661), yuv420p(progressive), 1920x1080, 209 kb/s, 24.01 fps, 24 tbr, 24k tbn (default)
      Metadata:
        handler_name    : VideoHandler
        vendor_id       : [0][0][0][0]
        encoder         : Lavc61.19.100 libx264
  Stream #0:1[0x2](und): Audio: aac (LC) (mp4a / 0x6134706D), 24000 Hz, mono, fltp, 90 kb/s (default)
      Metadata:
        handler_name    : SoundHandler
        vendor_id       : [0][0][0][0]
[Parsed_volumedetect_0 @ 0000016203dc7c40] n_samples: 0
Stream mapping:
  Stream #0:1 -> #0:0 (aac (native) -> pcm_s16le (native))
Press [q] to stop, [?] for help
Output #0, null, to 'pipe:':
  Metadata:
    major_brand     : isom
    minor_version   : 512
    compatible_brands: isomiso2avc1mp41
    encoder         : Lavf61.7.100
  Stream #0:0(und): Audio: pcm_s16le, 24000 Hz, mono, s16, 384 kb/s (default)
      Metadata:
        handler_name    : SoundHandler
        vendor_id       : [0][0][0][0]
        encoder         : Lavc61.19.100 pcm_s16le
[Parsed_volumedetect_0 @ 0000016203f88c00] n_samples: 4080640
[Parsed_volumedetect_0 @ 0000016203f88c00] mean_volume: -23.4 dB
[Parsed_volumedetect_0 @ 0000016203f88c00] max_volume: -0.5 dB
[Parsed_volumedetect_0 @ 0000016203f88c00] histogram_0db: 4
[Parsed_volumedetect_0 @ 0000016203f88c00] histogram_1db: 9
[Parsed_volumedetect_0 @ 0000016203f88c00] histogram_2db: 37
[Parsed_volumedetect_0 @ 0000016203f88c00] histogram_3db: 136
[Parsed_volumedetect_0 @ 0000016203f88c00] histogram_4db: 421
[Parsed_volumedetect_0 @ 0000016203f88c00] histogram_5db: 887
[Parsed_volumedetect_0 @ 0000016203f88c00] histogram_6db: 1535
[Parsed_volumedetect_0 @ 0000016203f88c00] histogram_7db: 2570
[out#0/null @ 0000016203cdf900] video:0KiB audio:7970KiB subtitle:0KiB other streams:0KiB global headers:0KiB muxing overhead: unknown
size=N/A time=00:02:50.02 bitrate=N/A speed=3.18e+03x
