2026-09-27T18:28:23.215242+00:00 AUDIO B00: 22.708s; 545000 samples at 24000Hz; speed=1.12
2026-09-27T18:28:34.389291+00:00 AUDIO B01: 23.125s; 555000 samples at 24000Hz; speed=1.12
2026-09-27T18:28:46.445958+00:00 AUDIO B02: 22.750s; 546000 samples at 24000Hz; speed=1.12
2026-09-27T18:28:56.981160+00:00 AUDIO B03: 20.417s; 490000 samples at 24000Hz; speed=1.12
2026-09-27T18:29:07.621558+00:00 AUDIO B04: 20.792s; 499000 samples at 24000Hz; speed=1.12
2026-09-27T18:29:22.112549+00:00 AUDIO B05: 27.208s; 653000 samples at 24000Hz; speed=1.12
2026-09-27T18:29:32.380460+00:00 AUDIO B06: 21.542s; 517000 samples at 24000Hz; speed=1.12
2026-09-27T18:29:43.632418+00:00 AUDIO B07: 23.208s; 557000 samples at 24000Hz; speed=1.12
2026-09-27T18:29:55.183555+00:00 AUDIO B08: 24.583s; 590000 samples at 24000Hz; speed=1.12
2026-09-27T18:30:08.665355+00:00 AUDIO B09: 27.250s; 654000 samples at 24000Hz; speed=1.12
2026-09-27T18:30:17.379022+00:00 AUDIO B10: 17.458s; 419000 samples at 24000Hz; speed=1.12
2026-09-27T18:30:17.382550+00:00 TOTAL AUDIO TIMELINE 251.042s
2026-09-27T18:32:45.828393+00:00 AUDIO B00: 20.792s; 499000 samples at 24000Hz; speed=1.25
2026-09-27T18:32:56.558934+00:00 AUDIO B01: 20.958s; 503000 samples at 24000Hz; speed=1.25
2026-09-27T18:33:07.146373+00:00 AUDIO B02: 21.000s; 504000 samples at 24000Hz; speed=1.25
2026-09-27T18:33:16.691363+00:00 AUDIO B03: 18.875s; 453000 samples at 24000Hz; speed=1.25
2026-09-27T18:33:26.917414+00:00 AUDIO B04: 19.042s; 457000 samples at 24000Hz; speed=1.25
2026-09-27T18:33:39.679336+00:00 AUDIO B05: 24.375s; 585000 samples at 24000Hz; speed=1.25
2026-09-27T18:33:50.191658+00:00 AUDIO B06: 19.958s; 479000 samples at 24000Hz; speed=1.25
2026-09-27T18:34:00.976220+00:00 AUDIO B07: 21.000s; 504000 samples at 24000Hz; speed=1.25
2026-09-27T18:34:12.652429+00:00 AUDIO B08: 22.875s; 549000 samples at 24000Hz; speed=1.25
2026-09-27T18:34:25.488981+00:00 AUDIO B09: 24.833s; 596000 samples at 24000Hz; speed=1.25
2026-09-27T18:34:33.908594+00:00 AUDIO B10: 16.292s; 391000 samples at 24000Hz; speed=1.25
2026-09-27T18:34:33.911608+00:00 TOTAL AUDIO TIMELINE 230.000s
2026-09-27T18:34:34.404912+00:00 COMMAND "$WORKSPACE\.venv\Scripts\python.exe" -m manim render scene.py TokenFilm --renderer cairo -r 1920,1080 --fps 24 --disable_caching --media_dir media -o B00.mp4
2026-09-27T18:34:43.078694+00:00 render-B00: exit=1; output=evidence/render-B00.log
2026-09-27T18:35:42.664181+00:00 COMMAND "$WORKSPACE\.venv\Scripts\python.exe" -m manim render scene.py TokenFilm --renderer cairo -r 1920,1080 --fps 24 --disable_caching --media_dir media -o B00.mp4
2026-09-27T18:35:57.358134+00:00 render-B00: exit=0; output=evidence/render-B00.log
[wrapped local path redacted]
2026-09-27T18:35:58.056909+00:00 mux-B00: exit=0; output=evidence/mux-B00.log
2026-09-27T18:35:58.057914+00:00 COMMAND "$WORKSPACE\.venv\Scripts\python.exe" -m manim render scene.py TokenFilm --renderer cairo -r 1920,1080 --fps 24 --disable_caching --media_dir media -o B05.mp4
2026-09-27T18:36:17.847209+00:00 render-B05: exit=0; output=evidence/render-B05.log
[wrapped local path redacted]
2026-09-27T18:36:18.823690+00:00 mux-B05: exit=0; output=evidence/mux-B05.log
2026-09-27T18:39:17.214291+00:00 COMMAND "$WORKSPACE\.venv\Scripts\python.exe" -m manim render scene.py TokenFilm --renderer cairo -r 1920,1080 --fps 24 --disable_caching --media_dir media -o B01.mp4
2026-09-27T18:39:33.205156+00:00 render-B01: exit=0; output=evidence/render-B01.log
[wrapped local path redacted]
2026-09-27T18:39:33.940566+00:00 mux-B01: exit=0; output=evidence/mux-B01.log
2026-09-27T18:39:33.940566+00:00 COMMAND "$WORKSPACE\.venv\Scripts\python.exe" -m manim render scene.py TokenFilm --renderer cairo -r 1920,1080 --fps 24 --disable_caching --media_dir media -o B02.mp4
2026-09-27T18:39:48.134928+00:00 render-B02: exit=0; output=evidence/render-B02.log
[wrapped local path redacted]
2026-09-27T18:39:48.866429+00:00 mux-B02: exit=0; output=evidence/mux-B02.log
2026-09-27T18:39:48.867455+00:00 COMMAND "$WORKSPACE\.venv\Scripts\python.exe" -m manim render scene.py TokenFilm --renderer cairo -r 1920,1080 --fps 24 --disable_caching --media_dir media -o B03.mp4
2026-09-27T18:40:01.940920+00:00 render-B03: exit=0; output=evidence/render-B03.log
[wrapped local path redacted]
2026-09-27T18:40:02.557997+00:00 mux-B03: exit=0; output=evidence/mux-B03.log
2026-09-27T18:40:02.558990+00:00 COMMAND "$WORKSPACE\.venv\Scripts\python.exe" -m manim render scene.py TokenFilm --renderer cairo -r 1920,1080 --fps 24 --disable_caching --media_dir media -o B04.mp4
2026-09-27T18:40:16.657292+00:00 render-B04: exit=0; output=evidence/render-B04.log
[wrapped local path redacted]
2026-09-27T18:40:17.264760+00:00 mux-B04: exit=0; output=evidence/mux-B04.log
2026-09-27T18:40:17.265770+00:00 COMMAND "$WORKSPACE\.venv\Scripts\python.exe" -m manim render scene.py TokenFilm --renderer cairo -r 1920,1080 --fps 24 --disable_caching --media_dir media -o B06.mp4
2026-09-27T18:40:33.170473+00:00 render-B06: exit=0; output=evidence/render-B06.log
[wrapped local path redacted]
2026-09-27T18:40:33.794311+00:00 mux-B06: exit=0; output=evidence/mux-B06.log
2026-09-27T18:40:33.795310+00:00 COMMAND "$WORKSPACE\.venv\Scripts\python.exe" -m manim render scene.py TokenFilm --renderer cairo -r 1920,1080 --fps 24 --disable_caching --media_dir media -o B07.mp4
2026-09-27T18:40:48.131302+00:00 render-B07: exit=0; output=evidence/render-B07.log
[wrapped local path redacted]
2026-09-27T18:40:48.836276+00:00 mux-B07: exit=0; output=evidence/mux-B07.log
2026-09-27T18:40:48.838312+00:00 COMMAND "$WORKSPACE\.venv\Scripts\python.exe" -m manim render scene.py TokenFilm --renderer cairo -r 1920,1080 --fps 24 --disable_caching --media_dir media -o B08.mp4
2026-09-27T18:41:03.653142+00:00 render-B08: exit=0; output=evidence/render-B08.log
[wrapped local path redacted]
2026-09-27T18:41:04.349904+00:00 mux-B08: exit=0; output=evidence/mux-B08.log
2026-09-27T18:41:04.350903+00:00 COMMAND "$WORKSPACE\.venv\Scripts\python.exe" -m manim render scene.py TokenFilm --renderer cairo -r 1920,1080 --fps 24 --disable_caching --media_dir media -o B09.mp4
2026-09-27T18:41:20.043910+00:00 AUDIO B05: 24.375s; 585000 samples at 24000Hz; speed=1.25
2026-09-27T18:41:20.046928+00:00 TOTAL AUDIO TIMELINE 230.000s
2026-09-27T18:41:26.435343+00:00 render-B09: exit=0; output=evidence/render-B09.log
[wrapped local path redacted]
2026-09-27T18:41:27.194625+00:00 mux-B09: exit=0; output=evidence/mux-B09.log
2026-09-27T18:41:27.194625+00:00 COMMAND "$WORKSPACE\.venv\Scripts\python.exe" -m manim render scene.py TokenFilm --renderer cairo -r 1920,1080 --fps 24 --disable_caching --media_dir media -o B10.mp4
2026-09-27T18:41:37.799499+00:00 render-B10: exit=0; output=evidence/render-B10.log
[wrapped local path redacted]
2026-09-27T18:41:38.289953+00:00 mux-B10: exit=0; output=evidence/mux-B10.log
2026-09-27T18:41:38.587484+00:00 COMMAND "$WORKSPACE\.tools\ffmpeg.EXE" -y -v warning -f concat -safe 0 -i "$WORKSPACE\submission\renders\concat.txt" -c copy -movflags +faststart "$WORKSPACE\submission\Week01_Tokens_Not_Words.mp4"
2026-09-27T18:41:39.027302+00:00 assemble: exit=0; output=evidence/assemble.log
2026-09-27T18:41:40.095591+00:00 COMMAND "$WORKSPACE\.tools\ffmpeg.EXE" -v error -i "$WORKSPACE\submission\Week01_Tokens_Not_Words.mp4" -f null -
2026-09-27T18:41:46.077125+00:00 full-decode: exit=0; output=evidence/full-decode.log
2026-09-27T18:41:46.078330+00:00 COMMAND "$WORKSPACE\.tools\ffmpeg.EXE" -hide_banner -i "$WORKSPACE\submission\Week01_Tokens_Not_Words.mp4" -af volumedetect -vn -f null -
2026-09-27T18:41:46.281765+00:00 audio-volume: exit=0; output=evidence/audio-volume.log
2026-09-27T18:41:46.335583+00:00 COMMAND "$WORKSPACE\.tools\ffmpeg.EXE" -y -v error -ss 3.1187 -i "$WORKSPACE\submission\Week01_Tokens_Not_Words.mp4" -frames:v 1 "$WORKSPACE\submission\qc\B00-15.png"
2026-09-27T18:41:46.573582+00:00 frame-B00-15: exit=0; output=evidence/frame-B00-15.log
2026-09-27T18:41:46.573582+00:00 COMMAND "$WORKSPACE\.tools\ffmpeg.EXE" -y -v error -ss 10.3958 -i "$WORKSPACE\submission\Week01_Tokens_Not_Words.mp4" -frames:v 1 "$WORKSPACE\submission\qc\B00-50.png"
2026-09-27T18:41:46.763249+00:00 frame-B00-50: exit=0; output=evidence/frame-B00-50.log
2026-09-27T18:41:46.763249+00:00 COMMAND "$WORKSPACE\.tools\ffmpeg.EXE" -y -v error -ss 17.6729 -i "$WORKSPACE\submission\Week01_Tokens_Not_Words.mp4" -frames:v 1 "$WORKSPACE\submission\qc\B00-85.png"
2026-09-27T18:41:46.950316+00:00 frame-B00-85: exit=0; output=evidence/frame-B00-85.log
2026-09-27T18:41:46.951977+00:00 COMMAND "$WORKSPACE\.tools\ffmpeg.EXE" -y -v error -ss 23.9354 -i "$WORKSPACE\submission\Week01_Tokens_Not_Words.mp4" -frames:v 1 "$WORKSPACE\submission\qc\B01-15.png"
2026-09-27T18:41:47.125601+00:00 frame-B01-15: exit=0; output=evidence/frame-B01-15.log
2026-09-27T18:41:47.127470+00:00 COMMAND "$WORKSPACE\.tools\ffmpeg.EXE" -y -v error -ss 31.2708 -i "$WORKSPACE\submission\Week01_Tokens_Not_Words.mp4" -frames:v 1 "$WORKSPACE\submission\qc\B01-50.png"
2026-09-27T18:41:47.319640+00:00 frame-B01-50: exit=0; output=evidence/frame-B01-50.log
2026-09-27T18:41:47.321535+00:00 COMMAND "$WORKSPACE\.tools\ffmpeg.EXE" -y -v error -ss 38.6063 -i "$WORKSPACE\submission\Week01_Tokens_Not_Words.mp4" -frames:v 1 "$WORKSPACE\submission\qc\B01-85.png"
2026-09-27T18:41:47.552344+00:00 frame-B01-85: exit=0; output=evidence/frame-B01-85.log
2026-09-27T18:41:47.553333+00:00 COMMAND "$WORKSPACE\.tools\ffmpeg.EXE" -y -v error -ss 44.9000 -i "$WORKSPACE\submission\Week01_Tokens_Not_Words.mp4" -frames:v 1 "$WORKSPACE\submission\qc\B02-15.png"
2026-09-27T18:41:47.769355+00:00 frame-B02-15: exit=0; output=evidence/frame-B02-15.log
2026-09-27T18:41:47.770353+00:00 COMMAND "$WORKSPACE\.tools\ffmpeg.EXE" -y -v error -ss 52.2500 -i "$WORKSPACE\submission\Week01_Tokens_Not_Words.mp4" -frames:v 1 "$WORKSPACE\submission\qc\B02-50.png"
2026-09-27T18:41:47.944662+00:00 frame-B02-50: exit=0; output=evidence/frame-B02-50.log
2026-09-27T18:41:47.946878+00:00 COMMAND "$WORKSPACE\.tools\ffmpeg.EXE" -y -v error -ss 59.6000 -i "$WORKSPACE\submission\Week01_Tokens_Not_Words.mp4" -frames:v 1 "$WORKSPACE\submission\qc\B02-85.png"
2026-09-27T18:41:48.139223+00:00 frame-B02-85: exit=0; output=evidence/frame-B02-85.log
2026-09-27T18:41:48.139771+00:00 COMMAND "$WORKSPACE\.tools\ffmpeg.EXE" -y -v error -ss 65.5812 -i "$WORKSPACE\submission\Week01_Tokens_Not_Words.mp4" -frames:v 1 "$WORKSPACE\submission\qc\B03-15.png"
2026-09-27T18:41:48.354502+00:00 frame-B03-15: exit=0; output=evidence/frame-B03-15.log
2026-09-27T18:41:48.359043+00:00 COMMAND "$WORKSPACE\.tools\ffmpeg.EXE" -y -v error -ss 72.1875 -i "$WORKSPACE\submission\Week01_Tokens_Not_Words.mp4" -frames:v 1 "$WORKSPACE\submission\qc\B03-50.png"
2026-09-27T18:41:48.597488+00:00 frame-B03-50: exit=0; output=evidence/frame-B03-50.log
2026-09-27T18:41:48.597488+00:00 COMMAND "$WORKSPACE\.tools\ffmpeg.EXE" -y -v error -ss 78.7938 -i "$WORKSPACE\submission\Week01_Tokens_Not_Words.mp4" -frames:v 1 "$WORKSPACE\submission\qc\B03-85.png"
2026-09-27T18:41:48.831824+00:00 frame-B03-85: exit=0; output=evidence/frame-B03-85.log
2026-09-27T18:41:48.831824+00:00 COMMAND "$WORKSPACE\.tools\ffmpeg.EXE" -y -v error -ss 84.4813 -i "$WORKSPACE\submission\Week01_Tokens_Not_Words.mp4" -frames:v 1 "$WORKSPACE\submission\qc\B04-15.png"
2026-09-27T18:41:49.059713+00:00 frame-B04-15: exit=0; output=evidence/frame-B04-15.log
2026-09-27T18:41:49.059713+00:00 COMMAND "$WORKSPACE\.tools\ffmpeg.EXE" -y -v error -ss 91.1458 -i "$WORKSPACE\submission\Week01_Tokens_Not_Words.mp4" -frames:v 1 "$WORKSPACE\submission\qc\B04-50.png"
2026-09-27T18:41:49.242027+00:00 frame-B04-50: exit=0; output=evidence/frame-B04-50.log
2026-09-27T18:41:49.242027+00:00 COMMAND "$WORKSPACE\.tools\ffmpeg.EXE" -y -v error -ss 97.8104 -i "$WORKSPACE\submission\Week01_Tokens_Not_Words.mp4" -frames:v 1 "$WORKSPACE\submission\qc\B04-85.png"
2026-09-27T18:41:49.456093+00:00 frame-B04-85: exit=0; output=evidence/frame-B04-85.log
2026-09-27T18:41:49.456093+00:00 COMMAND "$WORKSPACE\.tools\ffmpeg.EXE" -y -v error -ss 104.3229 -i "$WORKSPACE\submission\Week01_Tokens_Not_Words.mp4" -frames:v 1 "$WORKSPACE\submission\qc\B05-15.png"
2026-09-27T18:41:49.637844+00:00 frame-B05-15: exit=0; output=evidence/frame-B05-15.log
2026-09-27T18:41:49.637844+00:00 COMMAND "$WORKSPACE\.tools\ffmpeg.EXE" -y -v error -ss 112.8542 -i "$WORKSPACE\submission\Week01_Tokens_Not_Words.mp4" -frames:v 1 "$WORKSPACE\submission\qc\B05-50.png"
2026-09-27T18:41:49.815485+00:00 frame-B05-50: exit=0; output=evidence/frame-B05-50.log
2026-09-27T18:41:49.816498+00:00 COMMAND "$WORKSPACE\.tools\ffmpeg.EXE" -y -v error -ss 121.3854 -i "$WORKSPACE\submission\Week01_Tokens_Not_Words.mp4" -frames:v 1 "$WORKSPACE\submission\qc\B05-85.png"
2026-09-27T18:41:50.052128+00:00 frame-B05-85: exit=0; output=evidence/frame-B05-85.log
2026-09-27T18:41:50.053127+00:00 COMMAND "$WORKSPACE\.tools\ffmpeg.EXE" -y -v error -ss 128.0354 -i "$WORKSPACE\submission\Week01_Tokens_Not_Words.mp4" -frames:v 1 "$WORKSPACE\submission\qc\B06-15.png"
2026-09-27T18:41:50.212577+00:00 frame-B06-15: exit=0; output=evidence/frame-B06-15.log
2026-09-27T18:41:50.212577+00:00 COMMAND "$WORKSPACE\.tools\ffmpeg.EXE" -y -v error -ss 135.0208 -i "$WORKSPACE\submission\Week01_Tokens_Not_Words.mp4" -frames:v 1 "$WORKSPACE\submission\qc\B06-50.png"
2026-09-27T18:41:50.434538+00:00 frame-B06-50: exit=0; output=evidence/frame-B06-50.log
2026-09-27T18:41:50.435535+00:00 COMMAND "$WORKSPACE\.tools\ffmpeg.EXE" -y -v error -ss 142.0062 -i "$WORKSPACE\submission\Week01_Tokens_Not_Words.mp4" -frames:v 1 "$WORKSPACE\submission\qc\B06-85.png"
2026-09-27T18:41:50.619253+00:00 frame-B06-85: exit=0; output=evidence/frame-B06-85.log
2026-09-27T18:41:50.620263+00:00 COMMAND "$WORKSPACE\.tools\ffmpeg.EXE" -y -v error -ss 148.1500 -i "$WORKSPACE\submission\Week01_Tokens_Not_Words.mp4" -frames:v 1 "$WORKSPACE\submission\qc\B07-15.png"
2026-09-27T18:41:50.775900+00:00 frame-B07-15: exit=0; output=evidence/frame-B07-15.log
2026-09-27T18:41:50.791819+00:00 COMMAND "$WORKSPACE\.tools\ffmpeg.EXE" -y -v error -ss 155.5000 -i "$WORKSPACE\submission\Week01_Tokens_Not_Words.mp4" -frames:v 1 "$WORKSPACE\submission\qc\B07-50.png"
2026-09-27T18:41:50.982297+00:00 frame-B07-50: exit=0; output=evidence/frame-B07-50.log
2026-09-27T18:41:50.982297+00:00 COMMAND "$WORKSPACE\.tools\ffmpeg.EXE" -y -v error -ss 162.8500 -i "$WORKSPACE\submission\Week01_Tokens_Not_Words.mp4" -frames:v 1 "$WORKSPACE\submission\qc\B07-85.png"
2026-09-27T18:41:51.187134+00:00 frame-B07-85: exit=0; output=evidence/frame-B07-85.log
2026-09-27T18:41:51.188791+00:00 COMMAND "$WORKSPACE\.tools\ffmpeg.EXE" -y -v error -ss 169.4313 -i "$WORKSPACE\submission\Week01_Tokens_Not_Words.mp4" -frames:v 1 "$WORKSPACE\submission\qc\B08-15.png"
2026-09-27T18:41:51.355681+00:00 frame-B08-15: exit=0; output=evidence/frame-B08-15.log
2026-09-27T18:41:51.356691+00:00 COMMAND "$WORKSPACE\.tools\ffmpeg.EXE" -y -v error -ss 177.4375 -i "$WORKSPACE\submission\Week01_Tokens_Not_Words.mp4" -frames:v 1 "$WORKSPACE\submission\qc\B08-50.png"
2026-09-27T18:41:51.567434+00:00 frame-B08-50: exit=0; output=evidence/frame-B08-50.log
2026-09-27T18:41:51.568450+00:00 COMMAND "$WORKSPACE\.tools\ffmpeg.EXE" -y -v error -ss 185.4437 -i "$WORKSPACE\submission\Week01_Tokens_Not_Words.mp4" -frames:v 1 "$WORKSPACE\submission\qc\B08-85.png"
2026-09-27T18:41:51.788033+00:00 frame-B08-85: exit=0; output=evidence/frame-B08-85.log
2026-09-27T18:41:51.788033+00:00 COMMAND "$WORKSPACE\.tools\ffmpeg.EXE" -y -v error -ss 192.6000 -i "$WORKSPACE\submission\Week01_Tokens_Not_Words.mp4" -frames:v 1 "$WORKSPACE\submission\qc\B09-15.png"
2026-09-27T18:41:52.004005+00:00 frame-B09-15: exit=0; output=evidence/frame-B09-15.log
2026-09-27T18:41:52.006005+00:00 COMMAND "$WORKSPACE\.tools\ffmpeg.EXE" -y -v error -ss 201.2917 -i "$WORKSPACE\submission\Week01_Tokens_Not_Words.mp4" -frames:v 1 "$WORKSPACE\submission\qc\B09-50.png"
2026-09-27T18:41:52.235122+00:00 frame-B09-50: exit=0; output=evidence/frame-B09-50.log
2026-09-27T18:41:52.235453+00:00 COMMAND "$WORKSPACE\.tools\ffmpeg.EXE" -y -v error -ss 209.9833 -i "$WORKSPACE\submission\Week01_Tokens_Not_Words.mp4" -frames:v 1 "$WORKSPACE\submission\qc\B09-85.png"
2026-09-27T18:41:52.512002+00:00 frame-B09-85: exit=0; output=evidence/frame-B09-85.log
2026-09-27T18:41:52.513028+00:00 COMMAND "$WORKSPACE\.tools\ffmpeg.EXE" -y -v error -ss 216.1521 -i "$WORKSPACE\submission\Week01_Tokens_Not_Words.mp4" -frames:v 1 "$WORKSPACE\submission\qc\B10-15.png"
2026-09-27T18:41:52.676144+00:00 frame-B10-15: exit=0; output=evidence/frame-B10-15.log
2026-09-27T18:41:52.677144+00:00 COMMAND "$WORKSPACE\.tools\ffmpeg.EXE" -y -v error -ss 221.8542 -i "$WORKSPACE\submission\Week01_Tokens_Not_Words.mp4" -frames:v 1 "$WORKSPACE\submission\qc\B10-50.png"
2026-09-27T18:41:52.862431+00:00 frame-B10-50: exit=0; output=evidence/frame-B10-50.log
2026-09-27T18:41:52.863446+00:00 COMMAND "$WORKSPACE\.tools\ffmpeg.EXE" -y -v error -ss 227.5563 -i "$WORKSPACE\submission\Week01_Tokens_Not_Words.mp4" -frames:v 1 "$WORKSPACE\submission\qc\B10-85.png"
2026-09-27T18:41:53.047682+00:00 frame-B10-85: exit=0; output=evidence/frame-B10-85.log
2026-09-27T18:41:54.329661+00:00 VERIFIED 230.043s; 7559792 bytes; audio+video; full decode passed
2026-09-27T18:43:06.127341+00:00 COMMAND "$WORKSPACE\.venv\Scripts\python.exe" -m manim render scene.py TokenFilm --renderer cairo -r 1920,1080 --fps 24 --disable_caching --media_dir media -o B00.mp4
2026-09-27T18:43:18.571550+00:00 render-B00: exit=0; output=evidence/render-B00.log
[wrapped local path redacted]
2026-09-27T18:43:19.155518+00:00 mux-B00: exit=0; output=evidence/mux-B00.log
2026-09-27T18:43:19.162088+00:00 COMMAND "$WORKSPACE\.venv\Scripts\python.exe" -m manim render scene.py TokenFilm --renderer cairo -r 1920,1080 --fps 24 --disable_caching --media_dir media -o B05.mp4
2026-09-27T18:43:32.979780+00:00 render-B05: exit=0; output=evidence/render-B05.log
[wrapped local path redacted]
2026-09-27T18:43:33.591729+00:00 mux-B05: exit=0; output=evidence/mux-B05.log
2026-09-27T18:44:31.282123+00:00 COMMAND "$WORKSPACE\.tools\ffmpeg.EXE" -y -v warning -f concat -safe 0 -i "$WORKSPACE\submission\renders\concat.txt" -c copy -movflags +faststart "$WORKSPACE\submission\Week01_Tokens_Not_Words.mp4"
2026-09-27T18:44:31.498326+00:00 assemble: exit=0; output=evidence/assemble.log
2026-09-27T18:44:31.824112+00:00 COMMAND "$WORKSPACE\.tools\ffmpeg.EXE" -v error -i "$WORKSPACE\submission\Week01_Tokens_Not_Words.mp4" -f null -
2026-09-27T18:44:37.311395+00:00 full-decode: exit=0; output=evidence/full-decode.log
2026-09-27T18:44:37.312294+00:00 COMMAND "$WORKSPACE\.tools\ffmpeg.EXE" -hide_banner -i "$WORKSPACE\submission\Week01_Tokens_Not_Words.mp4" -af volumedetect -vn -f null -
2026-09-27T18:44:37.424917+00:00 audio-volume: exit=0; output=evidence/audio-volume.log
2026-09-27T18:44:37.446445+00:00 COMMAND "$WORKSPACE\.tools\ffmpeg.EXE" -y -v error -ss 3.1187 -i "$WORKSPACE\submission\Week01_Tokens_Not_Words.mp4" -frames:v 1 "$WORKSPACE\submission\qc\B00-15.png"
2026-09-27T18:44:37.625606+00:00 frame-B00-15: exit=0; output=evidence/frame-B00-15.log
2026-09-27T18:44:37.625606+00:00 COMMAND "$WORKSPACE\.tools\ffmpeg.EXE" -y -v error -ss 10.3958 -i "$WORKSPACE\submission\Week01_Tokens_Not_Words.mp4" -frames:v 1 "$WORKSPACE\submission\qc\B00-50.png"
2026-09-27T18:44:37.804571+00:00 frame-B00-50: exit=0; output=evidence/frame-B00-50.log
2026-09-27T18:44:37.804571+00:00 COMMAND "$WORKSPACE\.tools\ffmpeg.EXE" -y -v error -ss 17.6729 -i "$WORKSPACE\submission\Week01_Tokens_Not_Words.mp4" -frames:v 1 "$WORKSPACE\submission\qc\B00-85.png"
2026-09-27T18:44:37.986746+00:00 frame-B00-85: exit=0; output=evidence/frame-B00-85.log
2026-09-27T18:44:37.986746+00:00 COMMAND "$WORKSPACE\.tools\ffmpeg.EXE" -y -v error -ss 23.9354 -i "$WORKSPACE\submission\Week01_Tokens_Not_Words.mp4" -frames:v 1 "$WORKSPACE\submission\qc\B01-15.png"
2026-09-27T18:44:38.153548+00:00 frame-B01-15: exit=0; output=evidence/frame-B01-15.log
2026-09-27T18:44:38.153548+00:00 COMMAND "$WORKSPACE\.tools\ffmpeg.EXE" -y -v error -ss 31.2708 -i "$WORKSPACE\submission\Week01_Tokens_Not_Words.mp4" -frames:v 1 "$WORKSPACE\submission\qc\B01-50.png"
2026-09-27T18:44:38.320229+00:00 frame-B01-50: exit=0; output=evidence/frame-B01-50.log
2026-09-27T18:44:38.320229+00:00 COMMAND "$WORKSPACE\.tools\ffmpeg.EXE" -y -v error -ss 38.6063 -i "$WORKSPACE\submission\Week01_Tokens_Not_Words.mp4" -frames:v 1 "$WORKSPACE\submission\qc\B01-85.png"
2026-09-27T18:44:38.514130+00:00 frame-B01-85: exit=0; output=evidence/frame-B01-85.log
2026-09-27T18:44:38.514130+00:00 COMMAND "$WORKSPACE\.tools\ffmpeg.EXE" -y -v error -ss 44.9000 -i "$WORKSPACE\submission\Week01_Tokens_Not_Words.mp4" -frames:v 1 "$WORKSPACE\submission\qc\B02-15.png"
2026-09-27T18:44:38.699177+00:00 frame-B02-15: exit=0; output=evidence/frame-B02-15.log
2026-09-27T18:44:38.700179+00:00 COMMAND "$WORKSPACE\.tools\ffmpeg.EXE" -y -v error -ss 52.2500 -i "$WORKSPACE\submission\Week01_Tokens_Not_Words.mp4" -frames:v 1 "$WORKSPACE\submission\qc\B02-50.png"
2026-09-27T18:44:38.863398+00:00 frame-B02-50: exit=0; output=evidence/frame-B02-50.log
2026-09-27T18:44:38.863398+00:00 COMMAND "$WORKSPACE\.tools\ffmpeg.EXE" -y -v error -ss 59.6000 -i "$WORKSPACE\submission\Week01_Tokens_Not_Words.mp4" -frames:v 1 "$WORKSPACE\submission\qc\B02-85.png"
2026-09-27T18:44:39.044411+00:00 frame-B02-85: exit=0; output=evidence/frame-B02-85.log
2026-09-27T18:44:39.044411+00:00 COMMAND "$WORKSPACE\.tools\ffmpeg.EXE" -y -v error -ss 65.5812 -i "$WORKSPACE\submission\Week01_Tokens_Not_Words.mp4" -frames:v 1 "$WORKSPACE\submission\qc\B03-15.png"
2026-09-27T18:44:39.223547+00:00 frame-B03-15: exit=0; output=evidence/frame-B03-15.log
2026-09-27T18:44:39.223547+00:00 COMMAND "$WORKSPACE\.tools\ffmpeg.EXE" -y -v error -ss 72.1875 -i "$WORKSPACE\submission\Week01_Tokens_Not_Words.mp4" -frames:v 1 "$WORKSPACE\submission\qc\B03-50.png"
2026-09-27T18:44:39.411592+00:00 frame-B03-50: exit=0; output=evidence/frame-B03-50.log
2026-09-27T18:44:39.411592+00:00 COMMAND "$WORKSPACE\.tools\ffmpeg.EXE" -y -v error -ss 78.7938 -i "$WORKSPACE\submission\Week01_Tokens_Not_Words.mp4" -frames:v 1 "$WORKSPACE\submission\qc\B03-85.png"
2026-09-27T18:44:39.606869+00:00 frame-B03-85: exit=0; output=evidence/frame-B03-85.log
2026-09-27T18:44:39.607872+00:00 COMMAND "$WORKSPACE\.tools\ffmpeg.EXE" -y -v error -ss 84.4813 -i "$WORKSPACE\submission\Week01_Tokens_Not_Words.mp4" -frames:v 1 "$WORKSPACE\submission\qc\B04-15.png"
2026-09-27T18:44:39.790655+00:00 frame-B04-15: exit=0; output=evidence/frame-B04-15.log
2026-09-27T18:44:39.791658+00:00 COMMAND "$WORKSPACE\.tools\ffmpeg.EXE" -y -v error -ss 91.1458 -i "$WORKSPACE\submission\Week01_Tokens_Not_Words.mp4" -frames:v 1 "$WORKSPACE\submission\qc\B04-50.png"
2026-09-27T18:44:39.952247+00:00 frame-B04-50: exit=0; output=evidence/frame-B04-50.log
2026-09-27T18:44:39.953289+00:00 COMMAND "$WORKSPACE\.tools\ffmpeg.EXE" -y -v error -ss 97.8104 -i "$WORKSPACE\submission\Week01_Tokens_Not_Words.mp4" -frames:v 1 "$WORKSPACE\submission\qc\B04-85.png"
2026-09-27T18:44:40.139541+00:00 frame-B04-85: exit=0; output=evidence/frame-B04-85.log
2026-09-27T18:44:40.141548+00:00 COMMAND "$WORKSPACE\.tools\ffmpeg.EXE" -y -v error -ss 104.3229 -i "$WORKSPACE\submission\Week01_Tokens_Not_Words.mp4" -frames:v 1 "$WORKSPACE\submission\qc\B05-15.png"
2026-09-27T18:44:40.321010+00:00 frame-B05-15: exit=0; output=evidence/frame-B05-15.log
2026-09-27T18:44:40.321010+00:00 COMMAND "$WORKSPACE\.tools\ffmpeg.EXE" -y -v error -ss 112.8542 -i "$WORKSPACE\submission\Week01_Tokens_Not_Words.mp4" -frames:v 1 "$WORKSPACE\submission\qc\B05-50.png"
2026-09-27T18:44:40.478940+00:00 frame-B05-50: exit=0; output=evidence/frame-B05-50.log
2026-09-27T18:44:40.479421+00:00 COMMAND "$WORKSPACE\.tools\ffmpeg.EXE" -y -v error -ss 121.3854 -i "$WORKSPACE\submission\Week01_Tokens_Not_Words.mp4" -frames:v 1 "$WORKSPACE\submission\qc\B05-85.png"
2026-09-27T18:44:40.689501+00:00 frame-B05-85: exit=0; output=evidence/frame-B05-85.log
2026-09-27T18:44:40.689501+00:00 COMMAND "$WORKSPACE\.tools\ffmpeg.EXE" -y -v error -ss 128.0354 -i "$WORKSPACE\submission\Week01_Tokens_Not_Words.mp4" -frames:v 1 "$WORKSPACE\submission\qc\B06-15.png"
2026-09-27T18:44:40.891510+00:00 frame-B06-15: exit=0; output=evidence/frame-B06-15.log
2026-09-27T18:44:40.892514+00:00 COMMAND "$WORKSPACE\.tools\ffmpeg.EXE" -y -v error -ss 135.0208 -i "$WORKSPACE\submission\Week01_Tokens_Not_Words.mp4" -frames:v 1 "$WORKSPACE\submission\qc\B06-50.png"
2026-09-27T18:44:41.107434+00:00 frame-B06-50: exit=0; output=evidence/frame-B06-50.log
2026-09-27T18:44:41.107434+00:00 COMMAND "$WORKSPACE\.tools\ffmpeg.EXE" -y -v error -ss 142.0062 -i "$WORKSPACE\submission\Week01_Tokens_Not_Words.mp4" -frames:v 1 "$WORKSPACE\submission\qc\B06-85.png"
2026-09-27T18:44:41.286215+00:00 frame-B06-85: exit=0; output=evidence/frame-B06-85.log
2026-09-27T18:44:41.286215+00:00 COMMAND "$WORKSPACE\.tools\ffmpeg.EXE" -y -v error -ss 148.1500 -i "$WORKSPACE\submission\Week01_Tokens_Not_Words.mp4" -frames:v 1 "$WORKSPACE\submission\qc\B07-15.png"
2026-09-27T18:44:41.463979+00:00 frame-B07-15: exit=0; output=evidence/frame-B07-15.log
2026-09-27T18:44:41.465187+00:00 COMMAND "$WORKSPACE\.tools\ffmpeg.EXE" -y -v error -ss 155.5000 -i "$WORKSPACE\submission\Week01_Tokens_Not_Words.mp4" -frames:v 1 "$WORKSPACE\submission\qc\B07-50.png"
2026-09-27T18:44:41.666585+00:00 frame-B07-50: exit=0; output=evidence/frame-B07-50.log
2026-09-27T18:44:41.667576+00:00 COMMAND "$WORKSPACE\.tools\ffmpeg.EXE" -y -v error -ss 162.8500 -i "$WORKSPACE\submission\Week01_Tokens_Not_Words.mp4" -frames:v 1 "$WORKSPACE\submission\qc\B07-85.png"
2026-09-27T18:44:41.833450+00:00 frame-B07-85: exit=0; output=evidence/frame-B07-85.log
2026-09-27T18:44:41.834449+00:00 COMMAND "$WORKSPACE\.tools\ffmpeg.EXE" -y -v error -ss 169.4313 -i "$WORKSPACE\submission\Week01_Tokens_Not_Words.mp4" -frames:v 1 "$WORKSPACE\submission\qc\B08-15.png"
2026-09-27T18:44:41.993746+00:00 frame-B08-15: exit=0; output=evidence/frame-B08-15.log
2026-09-27T18:44:41.993746+00:00 COMMAND "$WORKSPACE\.tools\ffmpeg.EXE" -y -v error -ss 177.4375 -i "$WORKSPACE\submission\Week01_Tokens_Not_Words.mp4" -frames:v 1 "$WORKSPACE\submission\qc\B08-50.png"
2026-09-27T18:44:42.171982+00:00 frame-B08-50: exit=0; output=evidence/frame-B08-50.log
2026-09-27T18:44:42.171982+00:00 COMMAND "$WORKSPACE\.tools\ffmpeg.EXE" -y -v error -ss 185.4437 -i "$WORKSPACE\submission\Week01_Tokens_Not_Words.mp4" -frames:v 1 "$WORKSPACE\submission\qc\B08-85.png"
2026-09-27T18:44:42.377749+00:00 frame-B08-85: exit=0; output=evidence/frame-B08-85.log
2026-09-27T18:44:42.377749+00:00 COMMAND "$WORKSPACE\.tools\ffmpeg.EXE" -y -v error -ss 192.6000 -i "$WORKSPACE\submission\Week01_Tokens_Not_Words.mp4" -frames:v 1 "$WORKSPACE\submission\qc\B09-15.png"
2026-09-27T18:44:42.583402+00:00 frame-B09-15: exit=0; output=evidence/frame-B09-15.log
2026-09-27T18:44:42.583402+00:00 COMMAND "$WORKSPACE\.tools\ffmpeg.EXE" -y -v error -ss 201.2917 -i "$WORKSPACE\submission\Week01_Tokens_Not_Words.mp4" -frames:v 1 "$WORKSPACE\submission\qc\B09-50.png"
2026-09-27T18:44:42.784211+00:00 frame-B09-50: exit=0; output=evidence/frame-B09-50.log
2026-09-27T18:44:42.784211+00:00 COMMAND "$WORKSPACE\.tools\ffmpeg.EXE" -y -v error -ss 209.9833 -i "$WORKSPACE\submission\Week01_Tokens_Not_Words.mp4" -frames:v 1 "$WORKSPACE\submission\qc\B09-85.png"
2026-09-27T18:44:43.017463+00:00 frame-B09-85: exit=0; output=evidence/frame-B09-85.log
2026-09-27T18:44:43.018487+00:00 COMMAND "$WORKSPACE\.tools\ffmpeg.EXE" -y -v error -ss 216.1521 -i "$WORKSPACE\submission\Week01_Tokens_Not_Words.mp4" -frames:v 1 "$WORKSPACE\submission\qc\B10-15.png"
2026-09-27T18:44:43.174408+00:00 frame-B10-15: exit=0; output=evidence/frame-B10-15.log
2026-09-27T18:44:43.174408+00:00 COMMAND "$WORKSPACE\.tools\ffmpeg.EXE" -y -v error -ss 221.8542 -i "$WORKSPACE\submission\Week01_Tokens_Not_Words.mp4" -frames:v 1 "$WORKSPACE\submission\qc\B10-50.png"
2026-09-27T18:44:43.352367+00:00 frame-B10-50: exit=0; output=evidence/frame-B10-50.log
2026-09-27T18:44:43.352367+00:00 COMMAND "$WORKSPACE\.tools\ffmpeg.EXE" -y -v error -ss 227.5563 -i "$WORKSPACE\submission\Week01_Tokens_Not_Words.mp4" -frames:v 1 "$WORKSPACE\submission\qc\B10-85.png"
2026-09-27T18:44:43.535101+00:00 frame-B10-85: exit=0; output=evidence/frame-B10-85.log
2026-09-27T18:44:44.202684+00:00 VERIFIED 230.043s; 7561960 bytes; audio+video; full decode passed
2026-09-27T18:45:57.660568+00:00 COMMAND "$WORKSPACE\.venv\Scripts\python.exe" -m manim render scene.py TokenFilm --renderer cairo -r 1920,1080 --fps 24 --disable_caching --media_dir media -o B04.mp4
2026-09-27T18:46:09.077737+00:00 render-B04: exit=0; output=evidence/render-B04.log
[wrapped local path redacted]
2026-09-27T18:46:09.773022+00:00 mux-B04: exit=0; output=evidence/mux-B04.log
2026-09-27T18:46:09.773022+00:00 COMMAND "$WORKSPACE\.venv\Scripts\python.exe" -m manim render scene.py TokenFilm --renderer cairo -r 1920,1080 --fps 24 --disable_caching --media_dir media -o B05.mp4
2026-09-27T18:46:24.320621+00:00 render-B05: exit=0; output=evidence/render-B05.log
[wrapped local path redacted]
2026-09-27T18:46:25.150056+00:00 mux-B05: exit=0; output=evidence/mux-B05.log
2026-09-27T18:46:25.150056+00:00 COMMAND "$WORKSPACE\.venv\Scripts\python.exe" -m manim render scene.py TokenFilm --renderer cairo -r 1920,1080 --fps 24 --disable_caching --media_dir media -o B07.mp4
2026-09-27T18:46:36.844106+00:00 render-B07: exit=0; output=evidence/render-B07.log
[wrapped local path redacted]
2026-09-27T18:46:37.433515+00:00 mux-B07: exit=0; output=evidence/mux-B07.log
2026-09-27T18:46:37.433515+00:00 COMMAND "$WORKSPACE\.venv\Scripts\python.exe" -m manim render scene.py TokenFilm --renderer cairo -r 1920,1080 --fps 24 --disable_caching --media_dir media -o B10.mp4
2026-09-27T18:46:46.327777+00:00 render-B10: exit=0; output=evidence/render-B10.log
[wrapped local path redacted]
2026-09-27T18:46:46.792191+00:00 mux-B10: exit=0; output=evidence/mux-B10.log
2026-09-27T18:46:47.041655+00:00 COMMAND "$WORKSPACE\.tools\ffmpeg.EXE" -y -v warning -f concat -safe 0 -i "$WORKSPACE\submission\renders\concat.txt" -c copy -movflags +faststart "$WORKSPACE\submission\Week01_Tokens_Not_Words.mp4"
2026-09-27T18:46:47.265831+00:00 assemble: exit=0; output=evidence/assemble.log
2026-09-27T18:46:47.673417+00:00 COMMAND "$WORKSPACE\.tools\ffmpeg.EXE" -v error -i "$WORKSPACE\submission\Week01_Tokens_Not_Words.mp4" -f null -
2026-09-27T18:46:53.516521+00:00 full-decode: exit=0; output=evidence/full-decode.log
2026-09-27T18:46:53.516521+00:00 COMMAND "$WORKSPACE\.tools\ffmpeg.EXE" -hide_banner -i "$WORKSPACE\submission\Week01_Tokens_Not_Words.mp4" -af volumedetect -vn -f null -
2026-09-27T18:46:53.645017+00:00 audio-volume: exit=0; output=evidence/audio-volume.log
2026-09-27T18:46:53.673394+00:00 COMMAND "$WORKSPACE\.tools\ffmpeg.EXE" -y -v error -ss 3.1187 -i "$WORKSPACE\submission\Week01_Tokens_Not_Words.mp4" -frames:v 1 "$WORKSPACE\submission\qc\B00-15.png"
2026-09-27T18:46:53.852230+00:00 frame-B00-15: exit=0; output=evidence/frame-B00-15.log
2026-09-27T18:46:53.855781+00:00 COMMAND "$WORKSPACE\.tools\ffmpeg.EXE" -y -v error -ss 10.3958 -i "$WORKSPACE\submission\Week01_Tokens_Not_Words.mp4" -frames:v 1 "$WORKSPACE\submission\qc\B00-50.png"
2026-09-27T18:46:54.041173+00:00 frame-B00-50: exit=0; output=evidence/frame-B00-50.log
2026-09-27T18:46:54.041173+00:00 COMMAND "$WORKSPACE\.tools\ffmpeg.EXE" -y -v error -ss 17.6729 -i "$WORKSPACE\submission\Week01_Tokens_Not_Words.mp4" -frames:v 1 "$WORKSPACE\submission\qc\B00-85.png"
2026-09-27T18:46:54.228327+00:00 frame-B00-85: exit=0; output=evidence/frame-B00-85.log
2026-09-27T18:46:54.234709+00:00 COMMAND "$WORKSPACE\.tools\ffmpeg.EXE" -y -v error -ss 23.9354 -i "$WORKSPACE\submission\Week01_Tokens_Not_Words.mp4" -frames:v 1 "$WORKSPACE\submission\qc\B01-15.png"
2026-09-27T18:46:54.401543+00:00 frame-B01-15: exit=0; output=evidence/frame-B01-15.log
2026-09-27T18:46:54.401543+00:00 COMMAND "$WORKSPACE\.tools\ffmpeg.EXE" -y -v error -ss 31.2708 -i "$WORKSPACE\submission\Week01_Tokens_Not_Words.mp4" -frames:v 1 "$WORKSPACE\submission\qc\B01-50.png"
2026-09-27T18:46:54.572615+00:00 frame-B01-50: exit=0; output=evidence/frame-B01-50.log
2026-09-27T18:46:54.572987+00:00 COMMAND "$WORKSPACE\.tools\ffmpeg.EXE" -y -v error -ss 38.6063 -i "$WORKSPACE\submission\Week01_Tokens_Not_Words.mp4" -frames:v 1 "$WORKSPACE\submission\qc\B01-85.png"
2026-09-27T18:46:54.763768+00:00 frame-B01-85: exit=0; output=evidence/frame-B01-85.log
2026-09-27T18:46:54.763768+00:00 COMMAND "$WORKSPACE\.tools\ffmpeg.EXE" -y -v error -ss 44.9000 -i "$WORKSPACE\submission\Week01_Tokens_Not_Words.mp4" -frames:v 1 "$WORKSPACE\submission\qc\B02-15.png"
2026-09-27T18:46:54.958462+00:00 frame-B02-15: exit=0; output=evidence/frame-B02-15.log
2026-09-27T18:46:54.960472+00:00 COMMAND "$WORKSPACE\.tools\ffmpeg.EXE" -y -v error -ss 52.2500 -i "$WORKSPACE\submission\Week01_Tokens_Not_Words.mp4" -frames:v 1 "$WORKSPACE\submission\qc\B02-50.png"
2026-09-27T18:46:55.124081+00:00 frame-B02-50: exit=0; output=evidence/frame-B02-50.log
2026-09-27T18:46:55.124081+00:00 COMMAND "$WORKSPACE\.tools\ffmpeg.EXE" -y -v error -ss 59.6000 -i "$WORKSPACE\submission\Week01_Tokens_Not_Words.mp4" -frames:v 1 "$WORKSPACE\submission\qc\B02-85.png"
2026-09-27T18:46:55.302742+00:00 frame-B02-85: exit=0; output=evidence/frame-B02-85.log
2026-09-27T18:46:55.306275+00:00 COMMAND "$WORKSPACE\.tools\ffmpeg.EXE" -y -v error -ss 65.5812 -i "$WORKSPACE\submission\Week01_Tokens_Not_Words.mp4" -frames:v 1 "$WORKSPACE\submission\qc\B03-15.png"
2026-09-27T18:46:55.484094+00:00 frame-B03-15: exit=0; output=evidence/frame-B03-15.log
2026-09-27T18:46:55.484094+00:00 COMMAND "$WORKSPACE\.tools\ffmpeg.EXE" -y -v error -ss 72.1875 -i "$WORKSPACE\submission\Week01_Tokens_Not_Words.mp4" -frames:v 1 "$WORKSPACE\submission\qc\B03-50.png"
2026-09-27T18:46:55.668184+00:00 frame-B03-50: exit=0; output=evidence/frame-B03-50.log
2026-09-27T18:46:55.669195+00:00 COMMAND "$WORKSPACE\.tools\ffmpeg.EXE" -y -v error -ss 78.7938 -i "$WORKSPACE\submission\Week01_Tokens_Not_Words.mp4" -frames:v 1 "$WORKSPACE\submission\qc\B03-85.png"
2026-09-27T18:46:55.859563+00:00 frame-B03-85: exit=0; output=evidence/frame-B03-85.log
2026-09-27T18:46:55.860580+00:00 COMMAND "$WORKSPACE\.tools\ffmpeg.EXE" -y -v error -ss 84.4813 -i "$WORKSPACE\submission\Week01_Tokens_Not_Words.mp4" -frames:v 1 "$WORKSPACE\submission\qc\B04-15.png"
2026-09-27T18:46:56.040236+00:00 frame-B04-15: exit=0; output=evidence/frame-B04-15.log
2026-09-27T18:46:56.041272+00:00 COMMAND "$WORKSPACE\.tools\ffmpeg.EXE" -y -v error -ss 91.1458 -i "$WORKSPACE\submission\Week01_Tokens_Not_Words.mp4" -frames:v 1 "$WORKSPACE\submission\qc\B04-50.png"
2026-09-27T18:46:56.213224+00:00 frame-B04-50: exit=0; output=evidence/frame-B04-50.log
2026-09-27T18:46:56.213224+00:00 COMMAND "$WORKSPACE\.tools\ffmpeg.EXE" -y -v error -ss 97.8104 -i "$WORKSPACE\submission\Week01_Tokens_Not_Words.mp4" -frames:v 1 "$WORKSPACE\submission\qc\B04-85.png"
2026-09-27T18:46:56.402988+00:00 frame-B04-85: exit=0; output=evidence/frame-B04-85.log
2026-09-27T18:46:56.404003+00:00 COMMAND "$WORKSPACE\.tools\ffmpeg.EXE" -y -v error -ss 104.3229 -i "$WORKSPACE\submission\Week01_Tokens_Not_Words.mp4" -frames:v 1 "$WORKSPACE\submission\qc\B05-15.png"
2026-09-27T18:46:56.579437+00:00 frame-B05-15: exit=0; output=evidence/frame-B05-15.log
2026-09-27T18:46:56.580440+00:00 COMMAND "$WORKSPACE\.tools\ffmpeg.EXE" -y -v error -ss 112.8542 -i "$WORKSPACE\submission\Week01_Tokens_Not_Words.mp4" -frames:v 1 "$WORKSPACE\submission\qc\B05-50.png"
2026-09-27T18:46:56.735624+00:00 frame-B05-50: exit=0; output=evidence/frame-B05-50.log
2026-09-27T18:46:56.736628+00:00 COMMAND "$WORKSPACE\.tools\ffmpeg.EXE" -y -v error -ss 121.3854 -i "$WORKSPACE\submission\Week01_Tokens_Not_Words.mp4" -frames:v 1 "$WORKSPACE\submission\qc\B05-85.png"
2026-09-27T18:46:56.958008+00:00 frame-B05-85: exit=0; output=evidence/frame-B05-85.log
2026-09-27T18:46:56.958008+00:00 COMMAND "$WORKSPACE\.tools\ffmpeg.EXE" -y -v error -ss 128.0354 -i "$WORKSPACE\submission\Week01_Tokens_Not_Words.mp4" -frames:v 1 "$WORKSPACE\submission\qc\B06-15.png"
2026-09-27T18:46:57.118629+00:00 frame-B06-15: exit=0; output=evidence/frame-B06-15.log
2026-09-27T18:46:57.118629+00:00 COMMAND "$WORKSPACE\.tools\ffmpeg.EXE" -y -v error -ss 135.0208 -i "$WORKSPACE\submission\Week01_Tokens_Not_Words.mp4" -frames:v 1 "$WORKSPACE\submission\qc\B06-50.png"
2026-09-27T18:46:57.321818+00:00 frame-B06-50: exit=0; output=evidence/frame-B06-50.log
2026-09-27T18:46:57.321818+00:00 COMMAND "$WORKSPACE\.tools\ffmpeg.EXE" -y -v error -ss 142.0062 -i "$WORKSPACE\submission\Week01_Tokens_Not_Words.mp4" -frames:v 1 "$WORKSPACE\submission\qc\B06-85.png"
2026-09-27T18:46:57.508192+00:00 frame-B06-85: exit=0; output=evidence/frame-B06-85.log
2026-09-27T18:46:57.509197+00:00 COMMAND "$WORKSPACE\.tools\ffmpeg.EXE" -y -v error -ss 148.1500 -i "$WORKSPACE\submission\Week01_Tokens_Not_Words.mp4" -frames:v 1 "$WORKSPACE\submission\qc\B07-15.png"
2026-09-27T18:46:57.700561+00:00 frame-B07-15: exit=0; output=evidence/frame-B07-15.log
2026-09-27T18:46:57.702069+00:00 COMMAND "$WORKSPACE\.tools\ffmpeg.EXE" -y -v error -ss 155.5000 -i "$WORKSPACE\submission\Week01_Tokens_Not_Words.mp4" -frames:v 1 "$WORKSPACE\submission\qc\B07-50.png"
2026-09-27T18:46:57.912088+00:00 frame-B07-50: exit=0; output=evidence/frame-B07-50.log
2026-09-27T18:46:57.913092+00:00 COMMAND "$WORKSPACE\.tools\ffmpeg.EXE" -y -v error -ss 162.8500 -i "$WORKSPACE\submission\Week01_Tokens_Not_Words.mp4" -frames:v 1 "$WORKSPACE\submission\qc\B07-85.png"
2026-09-27T18:46:58.102172+00:00 frame-B07-85: exit=0; output=evidence/frame-B07-85.log
2026-09-27T18:46:58.102172+00:00 COMMAND "$WORKSPACE\.tools\ffmpeg.EXE" -y -v error -ss 169.4313 -i "$WORKSPACE\submission\Week01_Tokens_Not_Words.mp4" -frames:v 1 "$WORKSPACE\submission\qc\B08-15.png"
2026-09-27T18:46:58.261031+00:00 frame-B08-15: exit=0; output=evidence/frame-B08-15.log
2026-09-27T18:46:58.261602+00:00 COMMAND "$WORKSPACE\.tools\ffmpeg.EXE" -y -v error -ss 177.4375 -i "$WORKSPACE\submission\Week01_Tokens_Not_Words.mp4" -frames:v 1 "$WORKSPACE\submission\qc\B08-50.png"
2026-09-27T18:46:58.478274+00:00 frame-B08-50: exit=0; output=evidence/frame-B08-50.log
2026-09-27T18:46:58.478274+00:00 COMMAND "$WORKSPACE\.tools\ffmpeg.EXE" -y -v error -ss 185.4437 -i "$WORKSPACE\submission\Week01_Tokens_Not_Words.mp4" -frames:v 1 "$WORKSPACE\submission\qc\B08-85.png"
2026-09-27T18:46:58.701966+00:00 frame-B08-85: exit=0; output=evidence/frame-B08-85.log
2026-09-27T18:46:58.702973+00:00 COMMAND "$WORKSPACE\.tools\ffmpeg.EXE" -y -v error -ss 192.6000 -i "$WORKSPACE\submission\Week01_Tokens_Not_Words.mp4" -frames:v 1 "$WORKSPACE\submission\qc\B09-15.png"
2026-09-27T18:46:58.879515+00:00 frame-B09-15: exit=0; output=evidence/frame-B09-15.log
2026-09-27T18:46:58.879515+00:00 COMMAND "$WORKSPACE\.tools\ffmpeg.EXE" -y -v error -ss 201.2917 -i "$WORKSPACE\submission\Week01_Tokens_Not_Words.mp4" -frames:v 1 "$WORKSPACE\submission\qc\B09-50.png"
2026-09-27T18:46:59.088625+00:00 frame-B09-50: exit=0; output=evidence/frame-B09-50.log
2026-09-27T18:46:59.088625+00:00 COMMAND "$WORKSPACE\.tools\ffmpeg.EXE" -y -v error -ss 209.9833 -i "$WORKSPACE\submission\Week01_Tokens_Not_Words.mp4" -frames:v 1 "$WORKSPACE\submission\qc\B09-85.png"
2026-09-27T18:46:59.316539+00:00 frame-B09-85: exit=0; output=evidence/frame-B09-85.log
2026-09-27T18:46:59.316539+00:00 COMMAND "$WORKSPACE\.tools\ffmpeg.EXE" -y -v error -ss 216.1521 -i "$WORKSPACE\submission\Week01_Tokens_Not_Words.mp4" -frames:v 1 "$WORKSPACE\submission\qc\B10-15.png"
2026-09-27T18:46:59.480823+00:00 frame-B10-15: exit=0; output=evidence/frame-B10-15.log
2026-09-27T18:46:59.481813+00:00 COMMAND "$WORKSPACE\.tools\ffmpeg.EXE" -y -v error -ss 221.8542 -i "$WORKSPACE\submission\Week01_Tokens_Not_Words.mp4" -frames:v 1 "$WORKSPACE\submission\qc\B10-50.png"
2026-09-27T18:46:59.649823+00:00 frame-B10-50: exit=0; output=evidence/frame-B10-50.log
2026-09-27T18:46:59.649823+00:00 COMMAND "$WORKSPACE\.tools\ffmpeg.EXE" -y -v error -ss 227.5563 -i "$WORKSPACE\submission\Week01_Tokens_Not_Words.mp4" -frames:v 1 "$WORKSPACE\submission\qc\B10-85.png"
2026-09-27T18:46:59.844370+00:00 frame-B10-85: exit=0; output=evidence/frame-B10-85.log
2026-09-27T18:47:00.537113+00:00 VERIFIED 230.043s; 7615108 bytes; audio+video; full decode passed
2026-09-27T18:58:57.029930+00:00 AUDIO B00: 15.375s; 369000 samples at 24000Hz; speed=1.25
2026-09-27T18:59:03.583782+00:00 AUDIO B01: 16.042s; 385000 samples at 24000Hz; speed=1.25
2026-09-27T18:59:10.082259+00:00 AUDIO B02: 14.875s; 357000 samples at 24000Hz; speed=1.25
2026-09-27T18:59:16.345847+00:00 AUDIO B03: 14.625s; 351000 samples at 24000Hz; speed=1.25
2026-09-27T18:59:22.547220+00:00 AUDIO B04: 15.583s; 374000 samples at 24000Hz; speed=1.25
2026-09-27T18:59:29.908975+00:00 AUDIO B05: 19.625s; 471000 samples at 24000Hz; speed=1.25
2026-09-27T18:59:36.098857+00:00 AUDIO B06: 15.875s; 381000 samples at 24000Hz; speed=1.25
2026-09-27T18:59:42.178498+00:00 AUDIO B07: 15.375s; 369000 samples at 24000Hz; speed=1.25
2026-09-27T18:59:48.834783+00:00 AUDIO B08: 17.000s; 408000 samples at 24000Hz; speed=1.25
2026-09-27T18:59:56.077433+00:00 AUDIO B09: 18.958s; 455000 samples at 24000Hz; speed=1.25
2026-09-27T19:00:00.693264+00:00 AUDIO B10: 11.917s; 286000 samples at 24000Hz; speed=1.25
2026-09-27T19:00:00.695282+00:00 TOTAL AUDIO TIMELINE 175.250s
2026-09-27T19:00:01.115947+00:00 COMMAND "$WORKSPACE\.tools\ffmpeg.EXE" -y -v error -i "$WORKSPACE\submission\assets\audio\B00.wav" -af atempo=1.0307262570,apad -t 14.9166666667 -ar 24000 -ac 1 -c:a pcm_s16le "$WORKSPACE\submission\assets\audio\B00-fit.wav"
2026-09-27T19:00:01.926186+00:00 fit-B00: exit=0; output=evidence/fit-B00.log
2026-09-27T19:00:01.926186+00:00 COMMAND "$WORKSPACE\.tools\ffmpeg.EXE" -y -v error -i "$WORKSPACE\submission\assets\audio\B01.wav" -af atempo=1.0321715818,apad -t 15.5416666667 -ar 24000 -ac 1 -c:a pcm_s16le "$WORKSPACE\submission\assets\audio\B01-fit.wav"
2026-09-27T19:00:01.981045+00:00 fit-B01: exit=0; output=evidence/fit-B01.log
2026-09-27T19:00:01.982045+00:00 COMMAND "$WORKSPACE\.tools\ffmpeg.EXE" -y -v error -i "$WORKSPACE\submission\assets\audio\B02.wav" -af atempo=1.0288184438,apad -t 14.4583333333 -ar 24000 -ac 1 -c:a pcm_s16le "$WORKSPACE\submission\assets\audio\B02-fit.wav"
2026-09-27T19:00:02.032227+00:00 fit-B02: exit=0; output=evidence/fit-B02.log
2026-09-27T19:00:02.033828+00:00 COMMAND "$WORKSPACE\.tools\ffmpeg.EXE" -y -v error -i "$WORKSPACE\submission\assets\audio\B03.wav" -af atempo=1.0323529412,apad -t 14.1666666667 -ar 24000 -ac 1 -c:a pcm_s16le "$WORKSPACE\submission\assets\audio\B03-fit.wav"
2026-09-27T19:00:02.104332+00:00 fit-B03: exit=0; output=evidence/fit-B03.log
2026-09-27T19:00:02.106333+00:00 COMMAND "$WORKSPACE\.tools\ffmpeg.EXE" -y -v error -i "$WORKSPACE\submission\assets\audio\B04.wav" -af atempo=1.0303030303,apad -t 15.1250000000 -ar 24000 -ac 1 -c:a pcm_s16le "$WORKSPACE\submission\assets\audio\B04-fit.wav"
2026-09-27T19:00:02.153622+00:00 fit-B04: exit=0; output=evidence/fit-B04.log
2026-09-27T19:00:02.153622+00:00 COMMAND "$WORKSPACE\.tools\ffmpeg.EXE" -y -v error -i "$WORKSPACE\submission\assets\audio\B05.wav" -af atempo=1.0306345733,apad -t 19.0416666667 -ar 24000 -ac 1 -c:a pcm_s16le "$WORKSPACE\submission\assets\audio\B05-fit.wav"
2026-09-27T19:00:02.214099+00:00 fit-B05: exit=0; output=evidence/fit-B05.log
2026-09-27T19:00:02.215094+00:00 COMMAND "$WORKSPACE\.tools\ffmpeg.EXE" -y -v error -i "$WORKSPACE\submission\assets\audio\B06.wav" -af atempo=1.0325203252,apad -t 15.3750000000 -ar 24000 -ac 1 -c:a pcm_s16le "$WORKSPACE\submission\assets\audio\B06-fit.wav"
2026-09-27T19:00:02.266626+00:00 fit-B06: exit=0; output=evidence/fit-B06.log
2026-09-27T19:00:02.269632+00:00 COMMAND "$WORKSPACE\.tools\ffmpeg.EXE" -y -v error -i "$WORKSPACE\submission\assets\audio\B07.wav" -af atempo=1.0307262570,apad -t 14.9166666667 -ar 24000 -ac 1 -c:a pcm_s16le "$WORKSPACE\submission\assets\audio\B07-fit.wav"
2026-09-27T19:00:02.323173+00:00 fit-B07: exit=0; output=evidence/fit-B07.log
2026-09-27T19:00:02.323863+00:00 COMMAND "$WORKSPACE\.tools\ffmpeg.EXE" -y -v error -i "$WORKSPACE\submission\assets\audio\B08.wav" -af atempo=1.0303030303,apad -t 16.5000000000 -ar 24000 -ac 1 -c:a pcm_s16le "$WORKSPACE\submission\assets\audio\B08-fit.wav"
2026-09-27T19:00:02.382575+00:00 fit-B08: exit=0; output=evidence/fit-B08.log
2026-09-27T19:00:02.383580+00:00 COMMAND "$WORKSPACE\.tools\ffmpeg.EXE" -y -v error -i "$WORKSPACE\submission\assets\audio\B09.wav" -af atempo=1.0294117647,apad -t 18.4166666667 -ar 24000 -ac 1 -c:a pcm_s16le "$WORKSPACE\submission\assets\audio\B09-fit.wav"
2026-09-27T19:00:02.441884+00:00 fit-B09: exit=0; output=evidence/fit-B09.log
2026-09-27T19:00:02.441884+00:00 COMMAND "$WORKSPACE\.tools\ffmpeg.EXE" -y -v error -i "$WORKSPACE\submission\assets\audio\B10.wav" -af atempo=1.0324909747,apad -t 11.5416666667 -ar 24000 -ac 1 -c:a pcm_s16le "$WORKSPACE\submission\assets\audio\B10-fit.wav"
2026-09-27T19:00:02.497646+00:00 fit-B10: exit=0; output=evidence/fit-B10.log
2026-09-27T19:00:02.497646+00:00 EXACT TIMELINE: 170s / 4080 frames; original measured audio 175.250000s
2026-09-27T19:00:02.737955+00:00 COMMAND "$WORKSPACE\.venv\Scripts\python.exe" -m manim render scene.py TokenFilm --renderer cairo -r 1920,1080 --fps 24 --disable_caching --media_dir media -o B00.mp4
2026-09-27T19:00:16.573239+00:00 render-B00: exit=0; output=evidence/render-B00.log
[wrapped local path redacted]
2026-09-27T19:00:17.077134+00:00 mux-B00: exit=0; output=evidence/mux-B00.log
2026-09-27T19:00:17.078136+00:00 COMMAND "$WORKSPACE\.venv\Scripts\python.exe" -m manim render scene.py TokenFilm --renderer cairo -r 1920,1080 --fps 24 --disable_caching --media_dir media -o B01.mp4
2026-09-27T19:00:26.240020+00:00 render-B01: exit=0; output=evidence/render-B01.log
[wrapped local path redacted]
2026-09-27T19:00:26.646070+00:00 mux-B01: exit=0; output=evidence/mux-B01.log
2026-09-27T19:00:26.646070+00:00 COMMAND "$WORKSPACE\.venv\Scripts\python.exe" -m manim render scene.py TokenFilm --renderer cairo -r 1920,1080 --fps 24 --disable_caching --media_dir media -o B02.mp4
2026-09-27T19:00:35.298744+00:00 render-B02: exit=0; output=evidence/render-B02.log
[wrapped local path redacted]
2026-09-27T19:00:35.715050+00:00 mux-B02: exit=0; output=evidence/mux-B02.log
2026-09-27T19:00:35.715050+00:00 COMMAND "$WORKSPACE\.venv\Scripts\python.exe" -m manim render scene.py TokenFilm --renderer cairo -r 1920,1080 --fps 24 --disable_caching --media_dir media -o B03.mp4
2026-09-27T19:00:44.441917+00:00 render-B03: exit=0; output=evidence/render-B03.log
[wrapped local path redacted]
2026-09-27T19:00:44.821313+00:00 mux-B03: exit=0; output=evidence/mux-B03.log
2026-09-27T19:00:44.821313+00:00 COMMAND "$WORKSPACE\.venv\Scripts\python.exe" -m manim render scene.py TokenFilm --renderer cairo -r 1920,1080 --fps 24 --disable_caching --media_dir media -o B04.mp4
2026-09-27T19:00:54.717752+00:00 render-B04: exit=0; output=evidence/render-B04.log
[wrapped local path redacted]
2026-09-27T19:00:55.128061+00:00 mux-B04: exit=0; output=evidence/mux-B04.log
2026-09-27T19:00:55.128412+00:00 COMMAND "$WORKSPACE\.venv\Scripts\python.exe" -m manim render scene.py TokenFilm --renderer cairo -r 1920,1080 --fps 24 --disable_caching --media_dir media -o B05.mp4
2026-09-27T19:01:07.481050+00:00 render-B05: exit=0; output=evidence/render-B05.log
[wrapped local path redacted]
2026-09-27T19:01:07.979619+00:00 mux-B05: exit=0; output=evidence/mux-B05.log
2026-09-27T19:01:07.990049+00:00 COMMAND "$WORKSPACE\.venv\Scripts\python.exe" -m manim render scene.py TokenFilm --renderer cairo -r 1920,1080 --fps 24 --disable_caching --media_dir media -o B06.mp4
2026-09-27T19:01:19.833423+00:00 render-B06: exit=0; output=evidence/render-B06.log
[wrapped local path redacted]
2026-09-27T19:01:20.233363+00:00 mux-B06: exit=0; output=evidence/mux-B06.log
2026-09-27T19:01:20.233363+00:00 COMMAND "$WORKSPACE\.venv\Scripts\python.exe" -m manim render scene.py TokenFilm --renderer cairo -r 1920,1080 --fps 24 --disable_caching --media_dir media -o B07.mp4
2026-09-27T19:01:29.255911+00:00 render-B07: exit=0; output=evidence/render-B07.log
[wrapped local path redacted]
2026-09-27T19:01:29.651387+00:00 mux-B07: exit=0; output=evidence/mux-B07.log
2026-09-27T19:01:29.651387+00:00 COMMAND "$WORKSPACE\.venv\Scripts\python.exe" -m manim render scene.py TokenFilm --renderer cairo -r 1920,1080 --fps 24 --disable_caching --media_dir media -o B08.mp4
2026-09-27T19:01:39.469129+00:00 render-B08: exit=0; output=evidence/render-B08.log
[wrapped local path redacted]
2026-09-27T19:01:39.903258+00:00 mux-B08: exit=0; output=evidence/mux-B08.log
2026-09-27T19:01:39.903258+00:00 COMMAND "$WORKSPACE\.venv\Scripts\python.exe" -m manim render scene.py TokenFilm --renderer cairo -r 1920,1080 --fps 24 --disable_caching --media_dir media -o B09.mp4
2026-09-27T19:01:50.626519+00:00 render-B09: exit=0; output=evidence/render-B09.log
[wrapped local path redacted]
2026-09-27T19:01:51.276445+00:00 mux-B09: exit=0; output=evidence/mux-B09.log
2026-09-27T19:01:51.276445+00:00 COMMAND "$WORKSPACE\.venv\Scripts\python.exe" -m manim render scene.py TokenFilm --renderer cairo -r 1920,1080 --fps 24 --disable_caching --media_dir media -o B10.mp4
2026-09-27T19:02:00.829300+00:00 render-B10: exit=0; output=evidence/render-B10.log
[wrapped local path redacted]
2026-09-27T19:02:01.165488+00:00 mux-B10: exit=0; output=evidence/mux-B10.log
2026-09-27T19:02:01.434136+00:00 COMMAND "$WORKSPACE\.tools\ffmpeg.EXE" -y -v warning -f concat -safe 0 -i "$WORKSPACE\submission\renders\concat.txt" -c:v copy -c:a aac -b:a 160k -af apad -t 170 -movflags +faststart "$WORKSPACE\submission\Week01_Tokens_Not_Words.mp4"
2026-09-27T19:02:05.573386+00:00 assemble: exit=0; output=evidence/assemble.log
2026-09-27T19:06:06.138018+00:00 COMMAND "$WORKSPACE\.tools\ffmpeg.EXE" -y -v warning -f concat -safe 0 -i "$WORKSPACE\submission\renders\concat.txt" -i "$WORKSPACE\submission\assets\audio\master.wav" -map 0:v:0 -map 1:a:0 -vf fps=24,tpad=stop_mode=clone:stop_duration=1,trim=end_frame=4080,setpts=N/(24*TB) -af apad,atrim=duration=170,asetpts=PTS-STARTPTS -c:v libx264 -preset fast -crf 18 -pix_fmt yuv420p -c:a aac -b:a 160k -t 170 -video_track_timescale 24000 -movflags +faststart "$WORKSPACE\submission\Week01_Tokens_Not_Words.mp4"
2026-09-27T19:06:31.257647+00:00 assemble: exit=0; output=evidence/assemble.log
2026-09-27T19:06:32.221696+00:00 COMMAND "$WORKSPACE\.tools\ffmpeg.EXE" -v error -i "$WORKSPACE\submission\Week01_Tokens_Not_Words.mp4" -f null -
2026-09-27T19:06:36.225734+00:00 full-decode: exit=0; output=evidence/full-decode.log
2026-09-27T19:06:36.226781+00:00 COMMAND "$WORKSPACE\.tools\ffmpeg.EXE" -hide_banner -i "$WORKSPACE\submission\Week01_Tokens_Not_Words.mp4" -af volumedetect -vn -f null -
2026-09-27T19:06:36.359004+00:00 audio-volume: exit=0; output=evidence/audio-volume.log
2026-09-27T19:06:36.533457+00:00 COMMAND "$WORKSPACE\.tools\ffmpeg.EXE" -y -v error -ss 2.2375 -i "$WORKSPACE\submission\Week01_Tokens_Not_Words.mp4" -frames:v 1 "$WORKSPACE\submission\qc\B00-15.png"
2026-09-27T19:06:36.767181+00:00 frame-B00-15: exit=0; output=evidence/frame-B00-15.log
2026-09-27T19:06:36.773269+00:00 COMMAND "$WORKSPACE\.tools\ffmpeg.EXE" -y -v error -ss 7.4583 -i "$WORKSPACE\submission\Week01_Tokens_Not_Words.mp4" -frames:v 1 "$WORKSPACE\submission\qc\B00-50.png"
2026-09-27T19:06:37.065692+00:00 frame-B00-50: exit=0; output=evidence/frame-B00-50.log
2026-09-27T19:06:37.065692+00:00 COMMAND "$WORKSPACE\.tools\ffmpeg.EXE" -y -v error -ss 12.6792 -i "$WORKSPACE\submission\Week01_Tokens_Not_Words.mp4" -frames:v 1 "$WORKSPACE\submission\qc\B00-85.png"
2026-09-27T19:06:37.266730+00:00 frame-B00-85: exit=0; output=evidence/frame-B00-85.log
2026-09-27T19:06:37.266730+00:00 COMMAND "$WORKSPACE\.tools\ffmpeg.EXE" -y -v error -ss 17.2479 -i "$WORKSPACE\submission\Week01_Tokens_Not_Words.mp4" -frames:v 1 "$WORKSPACE\submission\qc\B01-15.png"
2026-09-27T19:06:37.562032+00:00 frame-B01-15: exit=0; output=evidence/frame-B01-15.log
2026-09-27T19:06:37.563038+00:00 COMMAND "$WORKSPACE\.tools\ffmpeg.EXE" -y -v error -ss 22.6875 -i "$WORKSPACE\submission\Week01_Tokens_Not_Words.mp4" -frames:v 1 "$WORKSPACE\submission\qc\B01-50.png"
2026-09-27T19:06:37.747848+00:00 frame-B01-50: exit=0; output=evidence/frame-B01-50.log
2026-09-27T19:06:37.747848+00:00 COMMAND "$WORKSPACE\.tools\ffmpeg.EXE" -y -v error -ss 28.1271 -i "$WORKSPACE\submission\Week01_Tokens_Not_Words.mp4" -frames:v 1 "$WORKSPACE\submission\qc\B01-85.png"
2026-09-27T19:06:38.072039+00:00 frame-B01-85: exit=0; output=evidence/frame-B01-85.log
2026-09-27T19:06:38.072039+00:00 COMMAND "$WORKSPACE\.tools\ffmpeg.EXE" -y -v error -ss 32.6271 -i "$WORKSPACE\submission\Week01_Tokens_Not_Words.mp4" -frames:v 1 "$WORKSPACE\submission\qc\B02-15.png"
2026-09-27T19:06:38.235227+00:00 frame-B02-15: exit=0; output=evidence/frame-B02-15.log
2026-09-27T19:06:38.235227+00:00 COMMAND "$WORKSPACE\.tools\ffmpeg.EXE" -y -v error -ss 37.6875 -i "$WORKSPACE\submission\Week01_Tokens_Not_Words.mp4" -frames:v 1 "$WORKSPACE\submission\qc\B02-50.png"
2026-09-27T19:06:38.537767+00:00 frame-B02-50: exit=0; output=evidence/frame-B02-50.log
2026-09-27T19:06:38.538358+00:00 COMMAND "$WORKSPACE\.tools\ffmpeg.EXE" -y -v error -ss 42.7479 -i "$WORKSPACE\submission\Week01_Tokens_Not_Words.mp4" -frames:v 1 "$WORKSPACE\submission\qc\B02-85.png"
2026-09-27T19:06:38.704353+00:00 frame-B02-85: exit=0; output=evidence/frame-B02-85.log
2026-09-27T19:06:38.711412+00:00 COMMAND "$WORKSPACE\.tools\ffmpeg.EXE" -y -v error -ss 47.0417 -i "$WORKSPACE\submission\Week01_Tokens_Not_Words.mp4" -frames:v 1 "$WORKSPACE\submission\qc\B03-15.png"
2026-09-27T19:06:38.974804+00:00 frame-B03-15: exit=0; output=evidence/frame-B03-15.log
2026-09-27T19:06:38.974804+00:00 COMMAND "$WORKSPACE\.tools\ffmpeg.EXE" -y -v error -ss 52.0000 -i "$WORKSPACE\submission\Week01_Tokens_Not_Words.mp4" -frames:v 1 "$WORKSPACE\submission\qc\B03-50.png"
2026-09-27T19:06:39.364080+00:00 frame-B03-50: exit=0; output=evidence/frame-B03-50.log
2026-09-27T19:06:39.364080+00:00 COMMAND "$WORKSPACE\.tools\ffmpeg.EXE" -y -v error -ss 56.9583 -i "$WORKSPACE\submission\Week01_Tokens_Not_Words.mp4" -frames:v 1 "$WORKSPACE\submission\qc\B03-85.png"
2026-09-27T19:06:39.630176+00:00 frame-B03-85: exit=0; output=evidence/frame-B03-85.log
2026-09-27T19:06:39.631199+00:00 COMMAND "$WORKSPACE\.tools\ffmpeg.EXE" -y -v error -ss 61.3521 -i "$WORKSPACE\submission\Week01_Tokens_Not_Words.mp4" -frames:v 1 "$WORKSPACE\submission\qc\B04-15.png"
2026-09-27T19:06:39.976848+00:00 frame-B04-15: exit=0; output=evidence/frame-B04-15.log
2026-09-27T19:06:39.976848+00:00 COMMAND "$WORKSPACE\.tools\ffmpeg.EXE" -y -v error -ss 66.6458 -i "$WORKSPACE\submission\Week01_Tokens_Not_Words.mp4" -frames:v 1 "$WORKSPACE\submission\qc\B04-50.png"
2026-09-27T19:06:40.222592+00:00 frame-B04-50: exit=0; output=evidence/frame-B04-50.log
2026-09-27T19:06:40.223599+00:00 COMMAND "$WORKSPACE\.tools\ffmpeg.EXE" -y -v error -ss 71.9396 -i "$WORKSPACE\submission\Week01_Tokens_Not_Words.mp4" -frames:v 1 "$WORKSPACE\submission\qc\B04-85.png"
2026-09-27T19:06:40.592618+00:00 frame-B04-85: exit=0; output=evidence/frame-B04-85.log
2026-09-27T19:06:40.593248+00:00 COMMAND "$WORKSPACE\.tools\ffmpeg.EXE" -y -v error -ss 77.0646 -i "$WORKSPACE\submission\Week01_Tokens_Not_Words.mp4" -frames:v 1 "$WORKSPACE\submission\qc\B05-15.png"
2026-09-27T19:06:40.836022+00:00 frame-B05-15: exit=0; output=evidence/frame-B05-15.log
2026-09-27T19:06:40.839176+00:00 COMMAND "$WORKSPACE\.tools\ffmpeg.EXE" -y -v error -ss 83.7292 -i "$WORKSPACE\submission\Week01_Tokens_Not_Words.mp4" -frames:v 1 "$WORKSPACE\submission\qc\B05-50.png"
2026-09-27T19:06:40.997194+00:00 frame-B05-50: exit=0; output=evidence/frame-B05-50.log
2026-09-27T19:06:40.998170+00:00 COMMAND "$WORKSPACE\.tools\ffmpeg.EXE" -y -v error -ss 90.3937 -i "$WORKSPACE\submission\Week01_Tokens_Not_Words.mp4" -frames:v 1 "$WORKSPACE\submission\qc\B05-85.png"
2026-09-27T19:06:41.323268+00:00 frame-B05-85: exit=0; output=evidence/frame-B05-85.log
2026-09-27T19:06:41.324263+00:00 COMMAND "$WORKSPACE\.tools\ffmpeg.EXE" -y -v error -ss 95.5563 -i "$WORKSPACE\submission\Week01_Tokens_Not_Words.mp4" -frames:v 1 "$WORKSPACE\submission\qc\B06-15.png"
2026-09-27T19:06:41.552289+00:00 frame-B06-15: exit=0; output=evidence/frame-B06-15.log
2026-09-27T19:06:41.552289+00:00 COMMAND "$WORKSPACE\.tools\ffmpeg.EXE" -y -v error -ss 100.9375 -i "$WORKSPACE\submission\Week01_Tokens_Not_Words.mp4" -frames:v 1 "$WORKSPACE\submission\qc\B06-50.png"
2026-09-27T19:06:41.887678+00:00 frame-B06-50: exit=0; output=evidence/frame-B06-50.log
2026-09-27T19:06:41.887678+00:00 COMMAND "$WORKSPACE\.tools\ffmpeg.EXE" -y -v error -ss 106.3187 -i "$WORKSPACE\submission\Week01_Tokens_Not_Words.mp4" -frames:v 1 "$WORKSPACE\submission\qc\B06-85.png"
2026-09-27T19:06:42.099273+00:00 frame-B06-85: exit=0; output=evidence/frame-B06-85.log
2026-09-27T19:06:42.099273+00:00 COMMAND "$WORKSPACE\.tools\ffmpeg.EXE" -y -v error -ss 110.8625 -i "$WORKSPACE\submission\Week01_Tokens_Not_Words.mp4" -frames:v 1 "$WORKSPACE\submission\qc\B07-15.png"
2026-09-27T19:06:42.397865+00:00 frame-B07-15: exit=0; output=evidence/frame-B07-15.log
2026-09-27T19:06:42.397865+00:00 COMMAND "$WORKSPACE\.tools\ffmpeg.EXE" -y -v error -ss 116.0833 -i "$WORKSPACE\submission\Week01_Tokens_Not_Words.mp4" -frames:v 1 "$WORKSPACE\submission\qc\B07-50.png"
2026-09-27T19:06:42.603115+00:00 frame-B07-50: exit=0; output=evidence/frame-B07-50.log
2026-09-27T19:06:42.603115+00:00 COMMAND "$WORKSPACE\.tools\ffmpeg.EXE" -y -v error -ss 121.3042 -i "$WORKSPACE\submission\Week01_Tokens_Not_Words.mp4" -frames:v 1 "$WORKSPACE\submission\qc\B07-85.png"
2026-09-27T19:06:42.939446+00:00 frame-B07-85: exit=0; output=evidence/frame-B07-85.log
2026-09-27T19:06:42.940090+00:00 COMMAND "$WORKSPACE\.tools\ffmpeg.EXE" -y -v error -ss 126.0167 -i "$WORKSPACE\submission\Week01_Tokens_Not_Words.mp4" -frames:v 1 "$WORKSPACE\submission\qc\B08-15.png"
2026-09-27T19:06:43.126058+00:00 frame-B08-15: exit=0; output=evidence/frame-B08-15.log
2026-09-27T19:06:43.127056+00:00 COMMAND "$WORKSPACE\.tools\ffmpeg.EXE" -y -v error -ss 131.7917 -i "$WORKSPACE\submission\Week01_Tokens_Not_Words.mp4" -frames:v 1 "$WORKSPACE\submission\qc\B08-50.png"
2026-09-27T19:06:43.444174+00:00 frame-B08-50: exit=0; output=evidence/frame-B08-50.log
2026-09-27T19:06:43.444174+00:00 COMMAND "$WORKSPACE\.tools\ffmpeg.EXE" -y -v error -ss 137.5667 -i "$WORKSPACE\submission\Week01_Tokens_Not_Words.mp4" -frames:v 1 "$WORKSPACE\submission\qc\B08-85.png"
2026-09-27T19:06:43.658458+00:00 frame-B08-85: exit=0; output=evidence/frame-B08-85.log
2026-09-27T19:06:43.659460+00:00 COMMAND "$WORKSPACE\.tools\ffmpeg.EXE" -y -v error -ss 142.8042 -i "$WORKSPACE\submission\Week01_Tokens_Not_Words.mp4" -frames:v 1 "$WORKSPACE\submission\qc\B09-15.png"
2026-09-27T19:06:43.989623+00:00 frame-B09-15: exit=0; output=evidence/frame-B09-15.log
2026-09-27T19:06:43.990622+00:00 COMMAND "$WORKSPACE\.tools\ffmpeg.EXE" -y -v error -ss 149.2500 -i "$WORKSPACE\submission\Week01_Tokens_Not_Words.mp4" -frames:v 1 "$WORKSPACE\submission\qc\B09-50.png"
2026-09-27T19:06:44.229948+00:00 frame-B09-50: exit=0; output=evidence/frame-B09-50.log
2026-09-27T19:06:44.230960+00:00 COMMAND "$WORKSPACE\.tools\ffmpeg.EXE" -y -v error -ss 155.6958 -i "$WORKSPACE\submission\Week01_Tokens_Not_Words.mp4" -frames:v 1 "$WORKSPACE\submission\qc\B09-85.png"
2026-09-27T19:06:44.622413+00:00 frame-B09-85: exit=0; output=evidence/frame-B09-85.log
2026-09-27T19:06:44.622413+00:00 COMMAND "$WORKSPACE\.tools\ffmpeg.EXE" -y -v error -ss 160.1896 -i "$WORKSPACE\submission\Week01_Tokens_Not_Words.mp4" -frames:v 1 "$WORKSPACE\submission\qc\B10-15.png"
2026-09-27T19:06:44.862760+00:00 frame-B10-15: exit=0; output=evidence/frame-B10-15.log
2026-09-27T19:06:44.863073+00:00 COMMAND "$WORKSPACE\.tools\ffmpeg.EXE" -y -v error -ss 164.2292 -i "$WORKSPACE\submission\Week01_Tokens_Not_Words.mp4" -frames:v 1 "$WORKSPACE\submission\qc\B10-50.png"
2026-09-27T19:06:45.191018+00:00 frame-B10-50: exit=0; output=evidence/frame-B10-50.log
2026-09-27T19:06:45.192015+00:00 COMMAND "$WORKSPACE\.tools\ffmpeg.EXE" -y -v error -ss 168.2688 -i "$WORKSPACE\submission\Week01_Tokens_Not_Words.mp4" -frames:v 1 "$WORKSPACE\submission\qc\B10-85.png"
2026-09-27T19:06:45.382782+00:00 frame-B10-85: exit=0; output=evidence/frame-B10-85.log
2026-09-27T19:06:46.204078+00:00 VERIFIED 170.000s; 6480243 bytes; audio+video; full decode passed
